ARM Linker, 4.1 [Build 481] [Evaluation]

==============================================================================

Section Cross References

    startup.o(STACK) refers (Special) to heapauxi.o(.text) for __use_two_region_memory
    startup.o(HEAP) refers (Special) to heapauxi.o(.text) for __use_two_region_memory
    startup.o(RESET) refers (Special) to heapauxi.o(.text) for __use_two_region_memory
    startup.o(RESET) refers to startup.o(STACK) for Stack_Top
    startup.o(RESET) refers to __main.o(!!!main) for __main
    startup.o(.text) refers (Special) to heapauxi.o(.text) for __use_two_region_memory
    startup.o(.text) refers to startup.o(HEAP) for Heap_Mem
    startup.o(.text) refers to startup.o(STACK) for Stack_Mem
    i2c_eeprom.o(.text) refers to i2c.o(.text) for i2c_start
    i2c_eeprom.o(.text) refers to delay.o(.text) for delay_ms
    uart_int.o(.text) refers to aeabi_sdiv.o(.text_udiv) for __aeabi_uidivmod
    uart_int.o(.text) refers to atoi.o(.text) for atoi
    uart_int.o(.text) refers to f2d.o(x$fpl$f2d) for __aeabi_f2d
    uart_int.o(.text) refers to dleqf.o(x$fpl$dleqf) for __aeabi_cdcmple
    uart_int.o(.text) refers to ffixu.o(x$fpl$ffixu) for __aeabi_f2uiz
    uart_int.o(.text) refers to fflt_noclz.o(x$fpl$ffltu) for __aeabi_ui2f
    uart_int.o(.text) refers to faddsub_noclz.o(x$fpl$frsb) for __aeabi_frsub
    uart_int.o(.text) refers to fmul.o(x$fpl$fmul) for __aeabi_fmul
    uart_int.o(.text) refers to atof.o(i.atof) for atof
    uart_int.o(.text) refers to fflt_noclz.o(x$fpl$fflt) for __aeabi_i2f
    uart_int.o(.text) refers to strlen.o(.text) for strlen
    uart_int.o(.text) refers to pow.o(i.pow) for pow
    uart_int.o(.text) refers to uart_int.o(.data) for ch
    uart_int.o(.text) refers to uart_int.o(.bss) for buff
    keypad.o(.text) refers to delay.o(.text) for delay_ms
    keypad.o(.text) refers to mainproject.o(.data) for kpmlut
    lcd.o(.text) refers to delay.o(.text) for delay_us
    lcd.o(.text) refers to aeabi_sdiv.o(.text_udiv) for __aeabi_uidivmod
    lcd.o(.text) refers to f2d.o(x$fpl$f2d) for __aeabi_f2d
    lcd.o(.text) refers to dleqf.o(x$fpl$dleqf) for __aeabi_cdcmple
    lcd.o(.text) refers to ffixu.o(x$fpl$ffixu) for __aeabi_f2uiz
    lcd.o(.text) refers to fflt_noclz.o(x$fpl$ffltu) for __aeabi_ui2f
    lcd.o(.text) refers to faddsub_noclz.o(x$fpl$frsb) for __aeabi_frsub
    lcd.o(.text) refers to fmul.o(x$fpl$fmul) for __aeabi_fmul
    mainproject.o(.text) refers to lcd.o(.text) for Cmd_lcd
    mainproject.o(.text) refers to keypad.o(.text) for keyscan
    mainproject.o(.text) refers to rt_ctype_table.o(.text) for __rt_ctype_table
    mainproject.o(.text) refers to delay.o(.text) for delay_s
    mainproject.o(.text) refers to mainproject.o(.bss) for str
    mainproject.o(.text) refers to i2c_eeprom.o(.text) for i2c_eeprom_write
    mainproject.o(.text) refers to atoi.o(.text) for atoi
    mainproject.o(.text) refers to mainproject.o(.data) for flagreg
    mainproject.o(.text) refers to aeabi_sdiv.o(.text) for __aeabi_idivmod
    mainproject.o(.text) refers to exit.o(.text) for exit
    mainproject.o(.text) refers to rt_memcpy_w.o(.text) for __aeabi_memcpy4
    mainproject.o(.text) refers to i2c.o(.text) for init_i2c
    mainproject.o(.text) refers to mainrtc.o(.text) for rtc_init
    mainproject.o(.text) refers to uart_int.o(.text) for InitUART0
    mainproject.o(.text) refers to strcmp.o(.text) for strcmp
    mainproject.o(.text) refers to mainproject.o(.constdata) for .constdata
    mainproject.o(.text) refers to uart_int.o(.data) for i
    mainproject.o(.text) refers to uart_int.o(.bss) for buff
    rt_ctype_table.o(.text) refers to rt_locale_intlibspace.o(.text) for __rt_locale
    rt_ctype_table.o(.text) refers to lc_ctype_c.o(locale$$code) for _get_lc_ctype
    atoi.o(.text) refers to rt_errno_addr_intlibspace.o(.text) for __aeabi_errno_addr
    atoi.o(.text) refers to strtol.o(.text) for strtol
    exit.o(.text) refers to rtexit.o(.ARM.Collect$$rtexit$$00000000) for __rt_exit
    aeabi_sdiv.o(.text_udiv) refers to aeabi_sdiv.o(.text) for __arm_div2
    aeabi_sdiv_div0.o(.text_udiv) refers to aeabi_sdiv_div0.o(.text) for __arm_div2
    __main.o(!!!main) refers to rtentry.o(.ARM.Collect$$rtentry$$00000000) for __rt_entry
    dleqf.o(x$fpl$dleqf) refers (Special) to usenofp.o(x$fpl$usenofp) for __I$use$fp
    dleqf.o(x$fpl$dleqf) refers to dnaninf.o(x$fpl$dnaninf) for __fpl_dnaninf
    dleqf.o(x$fpl$dleqf) refers to dcmpi.o(x$fpl$dcmpinf) for __fpl_dcmp_Inf
    f2d.o(x$fpl$f2d) refers (Special) to usenofp.o(x$fpl$usenofp) for __I$use$fp
    f2d.o(x$fpl$f2d) refers to fnaninf.o(x$fpl$fnaninf) for __fpl_fnaninf
    f2d.o(x$fpl$f2d) refers to dretinf.o(x$fpl$dretinf) for __fpl_dretinf
    faddsub_noclz.o(x$fpl$fadd) refers (Special) to usenofp.o(x$fpl$usenofp) for __I$use$fp
    faddsub_noclz.o(x$fpl$fadd) refers to faddsub_noclz.o(x$fpl$fsub) for _fsub1
[...]
    ../../angel/handlers.s                   0x00000000   Number         0  __scatter_copy.o ABSOLUTE
    ../../angel/handlers.s                   0x00000000   Number         0  __scatter_zi.o ABSOLUTE
    ../../angel/kernel.s                     0x00000000   Number         0  rtentry2.o ABSOLUTE
    ../../angel/kernel.s                     0x00000000   Number         0  rtexit2.o ABSOLUTE
    ../../angel/kernel.s                     0x00000000   Number         0  rtentry4.o ABSOLUTE
    ../../angel/kernel.s                     0x00000000   Number         0  rtexit.o ABSOLUTE
    ../../angel/kernel.s                     0x00000000   Number         0  rtentry.o ABSOLUTE
    ../../angel/rt.s                         0x00000000   Number         0  rt_fp_status_addr.o ABSOLUTE
    ../../angel/rt.s                         0x00000000   Number         0  rt_locale_intlibspace.o ABSOLUTE
    ../../angel/rt.s                         0x00000000   Number         0  rt_div0.o ABSOLUTE
    ../../angel/rt.s                         0x00000000   Number         0  rt_locale.o ABSOLUTE
    ../../angel/rt.s                         0x00000000   Number         0  aeabi_idiv0_sigfpe.o ABSOLUTE
    ../../angel/rt.s                         0x00000000   Number         0  aeabi_idiv0.o ABSOLUTE
    ../../angel/rt.s                         0x00000000   Number         0  rt_fp_status_addr_intlibspace.o ABSOLUTE
    ../../angel/rt.s                         0x00000000   Number         0  rt_ctype_table.o ABSOLUTE
    ../../angel/rt.s                         0x00000000   Number         0  rt_raise.o ABSOLUTE
    ../../angel/rt.s                         0x00000000   Number         0  rt_errno_addr_intlibspace.o ABSOLUTE
    ../../angel/rt.s                         0x00000000   Number         0  rt_errno_addr.o ABSOLUTE
    ../../angel/scatter.s                    0x00000000   Number         0  __scatter.o ABSOLUTE
    ../../angel/startup.s                    0x00000000   Number         0  __main.o ABSOLUTE
    ../../angel/sys.s                        0x00000000   Number         0  libspace.o ABSOLUTE
    ../../angel/sys.s                        0x00000000   Number         0  sys_stackheap_outer.o ABSOLUTE
    ../../angel/sys.s                        0x00000000   Number         0  use_no_semi.o ABSOLUTE
    ../../angel/sysapp.c                     0x00000000   Number         0  sys_wrch.o ABSOLUTE
    ../../angel/sysapp.c                     0x00000000   Number         0  sys_exit.o ABSOLUTE
    ../../angel/sysapp.c                     0x00000000   Number         0  sys_command.o ABSOLUTE
    ../../armsys.c                           0x00000000   Number         0  argv_veneer.o ABSOLUTE
    ../../armsys.c                           0x00000000   Number         0  _get_argv_nomalloc.o ABSOLUTE
    ../../armsys.c                           0x00000000   Number         0  no_argv.o ABSOLUTE
    ../../armsys.c                           0x00000000   Number         0  argv_veneer.o ABSOLUTE
    ../../atof.c                             0x00000000   Number         0  atof.o ABSOLUTE
    ../../bigflt.c                           0x00000000   Number         0  bigflt0.o ABSOLUTE
    ../../btod.s                             0x00000000   Number         0  btod.o ABSOLUTE
    ../../ctype.c                            0x00000000   Number         0  isspace.o ABSOLUTE
    ../../d2f.s                              0x00000000   Number         0  d2f.o ABSOLUTE
    ../../daddsub.s                          0x00000000   Number         0  daddsub_noclz.o ABSOLUTE
    ../../dcheck1.s                          0x00000000   Number         0  dcheck1.o ABSOLUTE
    ../../dcmpi.s                            0x00000000   Number         0  dcmpi.o ABSOLUTE
    ../../ddiv.s                             0x00000000   Number         0  ddiv.o ABSOLUTE
    ../../deqf.s                             0x00000000   Number         0  deqf.o ABSOLUTE
    ../../dflt.s                             0x00000000   Number         0  dflt_noclz.o ABSOLUTE
    ../../division.s                         0x00000000   Number         0  aeabi_sdiv.o ABSOLUTE
    ../../division.s                         0x00000000   Number         0  aeabi_sdiv_div0.o ABSOLUTE
    ../../divrt.s                            0x00000000   Number         0  divrt_7tdmi_div0.o ABSOLUTE
    ../../divrt.s                            0x00000000   Number         0  divrt_7tdmi.o ABSOLUTE
    ../../dleqf.s                            0x00000000   Number         0  dleqf.o ABSOLUTE
    ../../dmul.s                             0x00000000   Number         0  dmul.o ABSOLUTE
    ../../dnaninf.s                          0x00000000   Number         0  dnaninf.o ABSOLUTE
    ../../dretinf.s                          0x00000000   Number         0  dretinf.o ABSOLUTE
    ../../drleqf.s                           0x00000000   Number         0  drleqf.o ABSOLUTE
    ../../dsqrt.s                            0x00000000   Number         0  dsqrt_noumaal.o ABSOLUTE
    ../../dunder.c                           0x00000000   Number         0  dunder.o ABSOLUTE
    ../../f2d.s                              0x00000000   Number         0  f2d.o ABSOLUTE
    ../../faddsub.s                          0x00000000   Number         0  faddsub_noclz.o ABSOLUTE
    ../../fenv.c                             0x00000000   Number         0  _rserrno.o ABSOLUTE
    ../../ffixu.s                            0x00000000   Number         0  ffixu.o ABSOLUTE
    ../../fflt.s                             0x00000000   Number         0  fflt_noclz.o ABSOLUTE
    ../../fmul.s                             0x00000000   Number         0  fmul.o ABSOLUTE
    ../../fnaninf.s                          0x00000000   Number         0  fnaninf.o ABSOLUTE
    ../../fpclassify.c                       0x00000000   Number         0  fpclassify.o ABSOLUTE
    ../../fpconst.s                          0x00000000   Number         0  fpconst.o ABSOLUTE
    ../../fpinit.s                           0x00000000   Number         0  fpinit.o ABSOLUTE
    ../../fretinf.s                          0x00000000   Number         0  fretinf.o ABSOLUTE
    ../../frexp.c                            0x00000000   Number         0  frexp.o ABSOLUTE
    ../../heapalloc.c                        0x00000000   Number         0  hrguard.o ABSOLUTE
    ../../heapaux.c                          0x00000000   Number         0  heapauxi.o ABSOLUTE
    ../../istatus.s                          0x00000000   Number         0  istatus.o ABSOLUTE
    ../../ldexp.c                            0x00000000   Number         0  ldexp_x.o ABSOLUTE
    ../../ldexp.c                            0x00000000   Number         0  ldexp.o ABSOLUTE
    ../../libinit.s                          0x00000000   Number         0  libinit2.o ABSOLUTE
    ../../libinit.s                          0x00000000   Number         0  libinit.o ABSOLUTE
    ../../libinit.s                          0x00000000   Number         0  libshutdown.o ABSOLUTE
    ../../libinit.s                          0x00000000   Number         0  libshutdown2.o ABSOLUTE
    ../../locale.s                           0x00000000   Number         0  lc_ctype_c.o ABSOLUTE
    ../../locale.s                           0x00000000   Number         0  lc_numeric_c.o ABSOLUTE
    ../../longlong.s                         0x00000000   Number         0  llshl.o ABSOLUTE
    ../../longlong.s                         0x00000000   Number         0  llmul.o ABSOLUTE
    ../../memcpset.s                         0x00000000   Number         0  strcmp.o ABSOLUTE
    ../../memcpset.s                         0x00000000   Number         0  rt_memcpy_w.o ABSOLUTE
    ../../narrow.c                           0x00000000   Number         0  narrow.o ABSOLUTE
    ../../poly.c                             0x00000000   Number         0  poly.o ABSOLUTE
    ../../pow.c                              0x00000000   Number         0  pow.o ABSOLUTE
    ../../pow.c                              0x00000000   Number         0  pow_x.o ABSOLUTE
    ../../qnan.c                             0x00000000   Number         0  qnan.o ABSOLUTE
    ../../retnan.s                           0x00000000   Number         0  retnan.o ABSOLUTE
    ../../scalbn.s                           0x00000000   Number         0  scalbn.o ABSOLUTE
    ../../scanf.c                            0x00000000   Number         0  atoi.o ABSOLUTE
    ../../scanf.c                            0x00000000   Number         0  _strtoul.o ABSOLUTE
    ../../scanf.c                            0x00000000   Number         0  scanf_hexfp.o ABSOLUTE
    ../../scanf.c                            0x00000000   Number         0  scanf_fp.o ABSOLUTE
    ../../scanf.c                            0x00000000   Number         0  _chval.o ABSOLUTE
    ../../scanf.c                            0x00000000   Number         0  strtod.o ABSOLUTE
    ../../scanf.c                            0x00000000   Number         0  scanf_infnan.o ABSOLUTE
    ../../scanf.c                            0x00000000   Number         0  _sgetc.o ABSOLUTE
    ../../scanf.c                            0x00000000   Number         0  strtol.o ABSOLUTE
    ../../scanf1.s                           0x00000000   Number         0  scanf1.o ABSOLUTE
    ../../scanf2.s                           0x00000000   Number         0  scanf2.o ABSOLUTE
    ../../scanf2a.s                          0x00000000   Number         0  scanf2a.o ABSOLUTE
    ../../scanf2b.s                          0x00000000   Number         0  scanf2b.o ABSOLUTE
    ../../signal.c                           0x00000000   Number         0  defsig_fpe_outer.o ABSOLUTE
    ../../signal.c                           0x00000000   Number         0  defsig_rtmem_outer.o ABSOLUTE
    ../../signal.c                           0x00000000   Number         0  defsig_fpe_formal.o ABSOLUTE
    ../../signal.c                           0x00000000   Number         0  defsig_exit.o ABSOLUTE
    ../../signal.c                           0x00000000   Number         0  defsig_segv_inner.o ABSOLUTE
    ../../signal.c                           0x00000000   Number         0  defsig_fpe_inner.o ABSOLUTE
    ../../signal.c                           0x00000000   Number         0  defsig_general.o ABSOLUTE
    ../../signal.c                           0x00000000   Number         0  defsig_rtmem_formal.o ABSOLUTE
    ../../signal.c                           0x00000000   Number         0  __raise.o ABSOLUTE
    ../../signal.c                           0x00000000   Number         0  defsig_rtmem_inner.o ABSOLUTE
    ../../signal.c                           0x00000000   Number         0  defsig_pvfn_inner.o ABSOLUTE
    ../../signal.c                           0x00000000   Number         0  defsig_abrt_inner.o ABSOLUTE
    ../../signal.c                           0x00000000   Number         0  defsig_rtred_inner.o ABSOLUTE
    ../../signal.c                           0x00000000   Number         0  defsig_cppl_inner.o ABSOLUTE
    ../../signal.c                           0x00000000   Number         0  defsig_stak_inner.o ABSOLUTE
    ../../signal.c                           0x00000000   Number         0  defsig_other.o ABSOLUTE
    ../../signal.s                           0x00000000   Number         0  defsig.o ABSOLUTE
    ../../sqrt.c                             0x00000000   Number         0  sqrt_x.o ABSOLUTE
    ../../sqrt.c                             0x00000000   Number         0  sqrt.o ABSOLUTE
    ../../stdlib.c                           0x00000000   Number         0  exit.o ABSOLUTE
    ../../string.c                           0x00000000   Number         0  strlen.o ABSOLUTE
    ../../trapv.s                            0x00000000   Number         0  trapv.o ABSOLUTE
    ../../usenofp.s                          0x00000000   Number         0  usenofp.o ABSOLUTE
    Startup.s                                0x00000000   Number         0  startup.o ABSOLUTE
    UART_INT.c                               0x00000000   Number         0  uart_int.o ABSOLUTE
    dc.s                                     0x00000000   Number         0  dc.o ABSOLUTE
    delay.c                                  0x00000000   Number         0  delay.o ABSOLUTE
    i2c.c                                    0x00000000   Number         0  i2c.o ABSOLUTE
    i2c_eeprom.c                             0x00000000   Number         0  i2c_eeprom.o ABSOLUTE
    keypad.c                                 0x00000000   Number         0  keypad.o ABSOLUTE
    lcd.c                                    0x00000000   Number         0  lcd.o ABSOLUTE
    mainproject.c                            0x00000000   Number         0  mainproject.o ABSOLUTE
    mainrtc.c                                0x00000000   Number         0  mainrtc.o ABSOLUTE
    Undef_Handler                            0x00000040   ARM Code       4  startup.o(RESET)
    SWI_Handler                              0x00000044   ARM Code       4  startup.o(RESET)
    PAbt_Handler                             0x00000048   ARM Code       4  startup.o(RESET)
    DAbt_Handler                             0x0000004c   ARM Code       4  startup.o(RESET)
    IRQ_Handler                              0x00000050   ARM Code       4  startup.o(RESET)
    FIQ_Handler                              0x00000054   ARM Code       4  startup.o(RESET)
    !!!main                                  0x00000110   Section        8  __main.o(!!!main)
    !!!scatter                               0x00000118   Section       60  __scatter.o(!!!scatter)
    !!handler_copy                           0x00000154   Section       40  __scatter_copy.o(!!handler_copy)
    !!handler_zi                             0x0000017c   Section       44  __scatter_zi.o(!!handler_zi)
    .ARM.Collect$$libinit$$00000000          0x000001b0   Section        6  libinit.o(.ARM.Collect$$libinit$$00000000)
    .ARM.Collect$$libinit$$00000006          0x000001b6   Section        0  libinit2.o(.ARM.Collect$$libinit$$00000006)
    .ARM.Collect$$libinit$$00000008          0x000001b6   Section        0  libinit2.o(.ARM.Collect$$libinit$$00000008)
    .ARM.Collect$$libinit$$0000000A          0x000001b6   Section        0  libinit2.o(.ARM.Collect$$libinit$$0000000A)
    .ARM.Collect$$libinit$$0000000B          0x000001b6   Section        6  libinit2.o(.ARM.Collect$$libinit$$0000000B)
    .ARM.Collect$$libinit$$0000000D          0x000001bc   Section        0  libinit2.o(.ARM.Collect$$libinit$$0000000D)
    .ARM.Collect$$libinit$$0000000E          0x000001bc   Section       12  libinit2.o(.ARM.Collect$$libinit$$0000000E)
    .ARM.Collect$$libinit$$0000000F          0x000001c8   Section        0  libinit2.o(.ARM.Collect$$libinit$$0000000F)
    .ARM.Collect$$libinit$$00000011          0x000001c8   Section        0  libinit2.o(.ARM.Collect$$libinit$$00000011)
    .ARM.Collect$$libinit$$00000012          0x000001c8   Section       10  libinit2.o(.ARM.Collect$$libinit$$00000012)
    .ARM.Collect$$libinit$$00000013          0x000001d2   Section        0  libinit2.o(.ARM.Collect$$libinit$$00000013)
    .ARM.Collect$$libinit$$00000015          0x000001d2   Section        0  libinit2.o(.ARM.Collect$$libinit$$00000015)
    .ARM.Collect$$libinit$$00000017          0x000001d2   Section        0  libinit2.o(.ARM.Collect$$libinit$$00000017)
    .ARM.Collect$$libinit$$00000019          0x000001d2   Section        0  libinit2.o(.ARM.Collect$$libinit$$00000019)
    .ARM.Collect$$libinit$$0000001B          0x000001d2   Section        0  libinit2.o(.ARM.Collect$$libinit$$0000001B)
    .ARM.Collect$$libinit$$0000001D          0x000001d2   Section        0  libinit2.o(.ARM.Collect$$libinit$$0000001D)
    .ARM.Collect$$libinit$$0000001F          0x000001d2   Section        0  libinit2.o(.ARM.Collect$$libinit$$0000001F)
    .ARM.Collect$$libinit$$00000021          0x000001d2   Section        0  libinit2.o(.ARM.Collect$$libinit$$00000021)
    .ARM.Collect$$libinit$$00000028          0x000001d2   Section        0  libinit2.o(.ARM.Collect$$libinit$$00000028)
    .ARM.Collect$$libinit$$0000002A          0x000001d2   Section        0  libinit2.o(.ARM.Collect$$libinit$$0000002A)
    .ARM.Collect$$libinit$$0000002C          0x000001d2   Section        0  libinit2.o(.ARM.Collect$$libinit$$0000002C)
    .ARM.Collect$$libinit$$0000002E          0x000001d2   Section        0  libinit2.o(.ARM.Collect$$libinit$$0000002E)
    .ARM.Collect$$libinit$$0000002F          0x000001d2   Section       12  libinit2.o(.ARM.Collect$$libinit$$0000002F)
    .ARM.Collect$$libshutdown$$00000000      0x000001e8   Section        4  libshutdown.o(.ARM.Collect$$libshutdown$$00000000)
    .ARM.Collect$$libshutdown$$00000003      0x000001ec   Section        0  libshutdown2.o(.ARM.Collect$$libshutdown$$00000003)
    .ARM.Collect$$libshutdown$$00000006      0x000001ec   Section        0  libshutdown2.o(.ARM.Collect$$libshutdown$$00000006)
    .ARM.Collect$$libshutdown$$00000009      0x000001ec   Section        0  libshutdown2.o(.ARM.Collect$$libshutdown$$00000009)
    .ARM.Collect$$libshutdown$$0000000B      0x000001ec   Section        0  libshutdown2.o(.ARM.Collect$$libshutdown$$0000000B)
    .ARM.Collect$$libshutdown$$0000000E      0x000001ec   Section        0  libshutdown2.o(.ARM.Collect$$libshutdown$$0000000E)
    .ARM.Collect$$libshutdown$$0000000F      0x000001ec   Section        6  libshutdown2.o(.ARM.Collect$$libshutdown$$0000000F)
    .ARM.Collect$$rtentry$$00000000          0x000001f4   Section        0  rtentry.o(.ARM.Collect$$rtentry$$00000000)
    .ARM.Collect$$rtentry$$00000002          0x000001f4   Section        0  rtentry2.o(.ARM.Collect$$rtentry$$00000002)
    .ARM.Collect$$rtentry$$00000004          0x000001f4   Section        8  rtentry4.o(.ARM.Collect$$rtentry$$00000004)
    .ARM.Collect$$rtentry$$00000009          0x000001fc   Section        0  rtentry2.o(.ARM.Collect$$rtentry$$00000009)
    .ARM.Collect$$rtentry$$0000000A          0x000001fc   Section        4  rtentry2.o(.ARM.Collect$$rtentry$$0000000A)
    .ARM.Collect$$rtentry$$0000000C          0x00000200   Section        0  rtentry2.o(.ARM.Collect$$rtentry$$0000000C)
    .ARM.Collect$$rtentry$$0000000D          0x00000200   Section       40  rtentry2.o(.ARM.Collect$$rtentry$$0000000D)
    .ARM.Collect$$rtexit$$00000000           0x0000022c   Section        4  rtexit.o(.ARM.Collect$$rtexit$$00000000)
    .ARM.Collect$$rtexit$$00000002           0x00000230   Section        0  rtexit2.o(.ARM.Collect$$rtexit$$00000002)
    .ARM.Collect$$rtexit$$00000003           0x00000230   Section        4  rtexit2.o(.ARM.Collect$$rtexit$$00000003)
    .ARM.Collect$$rtexit$$00000004           0x00000234   Section        8  rtexit2.o(.ARM.Collect$$rtexit$$00000004)
    .text                                    0x0000023c   Section       32  startup.o(.text)
    .text                                    0x0000025c   Section        0  delay.o(.text)
    .text                                    0x000002b8   Section        0  i2c_eeprom.o(.text)
    .text                                    0x00000444   Section        0  i2c.o(.text)
    .text                                    0x000005b0   Section        0  uart_int.o(.text)
    .text                                    0x000009fc   Section        0  keypad.o(.text)
    .text                                    0x00000b48   Section        0  lcd.o(.text)
    .text                                    0x00000f50   Section        0  mainrtc.o(.text)
    .text                                    0x00000f9c   Section        0  mainproject.o(.text)
    .text                                    0x00001fb0   Section       24  rt_ctype_table.o(.text)
    .text                                    0x00001fd0   Section        0  atoi.o(.text)
    .text                                    0x00001ff8   Section        0  exit.o(.text)
    .text                                    0x0000200c   Section        0  strlen.o(.text)
    .text                                    0x00002050   Section      100  rt_memcpy_w.o(.text)
    .text                                    0x000020b4   Section      160  strcmp.o(.text)
    .text                                    0x00002158   Section      384  aeabi_sdiv.o(.text)
    __arm_div8                               0x00002184   ARM Code       0  aeabi_sdiv.o(.text)
    __arm_div5                               0x000021a8   ARM Code       0  aeabi_sdiv.o(.text)
    __arm_div2                               0x000021cc   ARM Code       0  aeabi_sdiv.o(.text)
    __arm_div_large                          0x00002208   ARM Code       0  aeabi_sdiv.o(.text)
    .text                                    0x000022d8   Section        0  heapauxi.o(.text)
    .text                                    0x000022e4   Section       16  rt_locale_intlibspace.o(.text)
    .text                                    0x000022f8   Section       16  rt_errno_addr_intlibspace.o(.text)
    .text                                    0x00002310   Section        0  _rserrno.o(.text)
    .text                                    0x00002334   Section        0  strtod.o(.text)
    _local_sscanf                            0x00002335   Thumb Code    60  strtod.o(.text)
    .text                                    0x000023e0   Section        0  strtol.o(.text)
    .text                                    0x00002454   Section       12  libspace.o(.text)
    .text                                    0x00002460   Section        0  isspace.o(.text)
    .text                                    0x00002476   Section        0  _sgetc.o(.text)
    .text                                    0x000024bc   Section        0  _strtoul.o(.text)
    .text                                    0x00002570   Section        0  sys_exit.o(.text)
    .text                                    0x0000257c   Section       96  sys_stackheap_outer.o(.text)
    .text                                    0x000025dc   Section        0  _chval.o(.text)
    .text                                    0x00002600   Section        0  scanf_fp.o(.text)
    _fp_value                                0x00002601   Thumb Code   522  scanf_fp.o(.text)
    .text                                    0x00002adc   Section        4  use_no_semi.o(.text)
    .text                                    0x00002ae4   Section       28  llmul.o(.text)
    .text                                    0x00002b00   Section        0  bigflt0.o(.text)
    .text                                    0x00002bd8   Section       16  rt_fp_status_addr_intlibspace.o(.text)
    .text                                    0x00002bf0   Section        0  scanf_hexfp.o(.text)
    .text                                    0x00002f24   Section        0  scanf_infnan.o(.text)
    .text                                    0x0000307c   Section       40  llshl.o(.text)
    .text_udiv                               0x000030a4   Section       36  aeabi_sdiv.o(.text_udiv)
    CL$$btod_div_common                      0x000030c8   Section      844  btod.o(CL$$btod_div_common)
    CL$$btod_e2d                             0x00003414   Section      100  btod.o(CL$$btod_e2d)
    CL$$btod_e2e                             0x00003478   Section      220  btod.o(CL$$btod_e2e)
    CL$$btod_ediv                            0x00003558   Section       52  btod.o(CL$$btod_ediv)
    CL$$btod_edivd                           0x00003590   Section       52  btod.o(CL$$btod_edivd)
    CL$$btod_emul                            0x000035c8   Section       52  btod.o(CL$$btod_emul)
    CL$$btod_emuld                           0x00003600   Section       52  btod.o(CL$$btod_emuld)
    CL$$btod_mult_common                     0x00003634   Section      616  btod.o(CL$$btod_mult_common)
    i.__ARM_common_call_via_r1               0x000038bc   Section        0  scanf_fp.o(i.__ARM_common_call_via_r1)
    i.__ARM_fpclassify                       0x000038c0   Section        0  fpclassify.o(i.__ARM_fpclassify)
    i.__kernel_poly                          0x000038f0   Section        0  poly.o(i.__kernel_poly)
    i.__mathlib_dbl_underflow                0x000039f0   Section        0  dunder.o(i.__mathlib_dbl_underflow)
    i.__mathlib_narrow                       0x00003a08   Section        0  narrow.o(i.__mathlib_narrow)
    i.__mathlib_tofloat                      0x00003a24   Section        0  narrow.o(i.__mathlib_tofloat)
    i.__support_ldexp                        0x00003b00   Section        0  ldexp.o(i.__support_ldexp)
    i.atof                                   0x00003b24   Section        0  atof.o(i.atof)
    i.frexp                                  0x00003b6c   Section        0  frexp.o(i.frexp)
    i.ldexp                                  0x00003bec   Section        0  ldexp.o(i.ldexp)
    i.pow                                    0x00003cc0   Section        0  pow.o(i.pow)
    i.sqrt                                   0x00004bb8   Section        0  sqrt.o(i.sqrt)
    locale$$code                             0x00004c28   Section       80  lc_ctype_c.o(locale$$code)
    locale$$code                             0x00004c7c   Section       80  lc_numeric_c.o(locale$$code)
    x$fpl$d2f                                0x00004ccc   Section      108  d2f.o(x$fpl$d2f)
    x$fpl$dadd                               0x00004d38   Section      336  daddsub_noclz.o(x$fpl$dadd)
    _dadd1                                   0x00004d48   ARM Code       0  daddsub_noclz.o(x$fpl$dadd)
    x$fpl$dcheck1                            0x00004e88   Section       16  dcheck1.o(x$fpl$dcheck1)
    x$fpl$dcmpinf                            0x00004e98   Section       28  dcmpi.o(x$fpl$dcmpinf)
    x$fpl$ddiv                               0x00004eb4   Section      736  ddiv.o(x$fpl$ddiv)
    ddiv_entry                               0x00004ebc   ARM Code       0  ddiv.o(x$fpl$ddiv)
    x$fpl$deqf                               0x00005194   Section      148  deqf.o(x$fpl$deqf)
    x$fpl$dflt                               0x00005228   Section       88  dflt_noclz.o(x$fpl$dflt)
    x$fpl$dleqf                              0x00005280   Section      148  dleqf.o(x$fpl$dleqf)
    x$fpl$dmul                               0x00005314   Section      384  dmul.o(x$fpl$dmul)
    x$fpl$dnaninf                            0x00005494   Section      192  dnaninf.o(x$fpl$dnaninf)
    x$fpl$dretinf                            0x00005554   Section       16  dretinf.o(x$fpl$dretinf)
    x$fpl$drleqf                             0x00005564   Section      140  drleqf.o(x$fpl$drleqf)
    x$fpl$drsb                               0x000055f0   Section       24  daddsub_noclz.o(x$fpl$drsb)
    x$fpl$dsqrt                              0x00005608   Section      520  dsqrt_noumaal.o(x$fpl$dsqrt)
    x$fpl$dsub                               0x00005810   Section      580  daddsub_noclz.o(x$fpl$dsub)
    _dsub1                                   0x00005820   ARM Code       0  daddsub_noclz.o(x$fpl$dsub)
    x$fpl$f2d                                0x00005a54   Section      100  f2d.o(x$fpl$f2d)
    x$fpl$fadd                               0x00005ab8   Section      196  faddsub_noclz.o(x$fpl$fadd)
    _fadd1                                   0x00005ac4   ARM Code       0  faddsub_noclz.o(x$fpl$fadd)
    x$fpl$ffixu                              0x00005b7c   Section       84  ffixu.o(x$fpl$ffixu)
    x$fpl$fflt                               0x00005bd0   Section       92  fflt_noclz.o(x$fpl$fflt)
    x$fpl$ffltu                              0x00005c2c   Section        8  fflt_noclz.o(x$fpl$ffltu)
    x$fpl$fmul                               0x00005c34   Section      256  fmul.o(x$fpl$fmul)
    x$fpl$fnaninf                            0x00005d34   Section      168  fnaninf.o(x$fpl$fnaninf)
    x$fpl$fpinit                             0x00005de0   Section       24  fpinit.o(x$fpl$fpinit)
    x$fpl$fretinf                            0x00005df8   Section       16  fretinf.o(x$fpl$fretinf)
    x$fpl$frsb                               0x00005e08   Section       20  faddsub_noclz.o(x$fpl$frsb)
    x$fpl$fsub                               0x00005e1c   Section      304  faddsub_noclz.o(x$fpl$fsub)
    _fsub1                                   0x00005e28   ARM Code       0  faddsub_noclz.o(x$fpl$fsub)
    x$fpl$ieeestatus                         0x00005f50   Section        8  istatus.o(x$fpl$ieeestatus)
    x$fpl$retnan                             0x00005f58   Section      116  retnan.o(x$fpl$retnan)
    x$fpl$scalbn                             0x00005fcc   Section      108  scalbn.o(x$fpl$scalbn)
    x$fpl$scanf1                             0x0000603c   Section        4  scanf1.o(x$fpl$scanf1)
    x$fpl$scanf2                             0x00006044   Section        8  scanf2.o(x$fpl$scanf2)
    x$fpl$trapveneer                         0x0000604c   Section       60  trapv.o(x$fpl$trapveneer)
    .constdata                               0x00006088   Section       85  mainproject.o(.constdata)
    x$fpl$usenofp                            0x00006088   Section        0  usenofp.o(x$fpl$usenofp)
    .constdata                               0x000060e0   Section      136  pow.o(.constdata)
    bp                                       0x000060e0   Data          16  pow.o(.constdata)
    dp_h                                     0x000060f0   Data          16  pow.o(.constdata)
    dp_l                                     0x00006100   Data          16  pow.o(.constdata)
    L                                        0x00006110   Data          48  pow.o(.constdata)
    P                                        0x00006140   Data          40  pow.o(.constdata)
    .constdata                               0x00006168   Section        8  qnan.o(.constdata)
    .constdata                               0x00006170   Section      148  bigflt0.o(.constdata)
    tenpwrs_x                                0x00006170   Data          60  bigflt0.o(.constdata)
    tenpwrs_i                                0x000061ac   Data          64  bigflt0.o(.constdata)
    c$$dinf                                  0x00006224   Section        8  fpconst.o(c$$dinf)
    locale$$data                             0x0000622c   Section      272  lc_ctype_c.o(locale$$data)
    __lcctype_c_name                         0x00006230   Data           2  lc_ctype_c.o(locale$$data)
    __lcctype_c_start                        0x00006238   Data           0  lc_ctype_c.o(locale$$data)
    locale$$data                             0x0000633c   Section       28  lc_numeric_c.o(locale$$data)
    __lcctype_c_end                          0x0000633c   Data           0  lc_ctype_c.o(locale$$data)
    __lcnum_c_name                           0x00006340   Data           2  lc_numeric_c.o(locale$$data)
    __lcnum_c_start                          0x00006348   Data           0  lc_numeric_c.o(locale$$data)
    __lcnum_c_point                          0x00006354   Data           0  lc_numeric_c.o(locale$$data)
    __lcnum_c_thousands                      0x00006356   Data           0  lc_numeric_c.o(locale$$data)
    __lcnum_c_grouping                       0x00006357   Data           0  lc_numeric_c.o(locale$$data)
    __lcnum_c_end                            0x00006358   Data           0  lc_numeric_c.o(locale$$data)
    .data                                    0x40000000   Section        4  uart_int.o(.data)
    .data                                    0x40000004   Section       40  mainproject.o(.data)
    .bss                                     0x4000002c   Section       41  uart_int.o(.bss)
    buf                                      0x4000002c   Data          30  uart_int.o(.bss)
    .bss                                     0x40000055   Section       40  mainproject.o(.bss)
    str                                      0x40000055   Data          10  mainproject.o(.bss)
    str                                      0x4000005f   Data          10  mainproject.o(.bss)
    .bss                                     0x40000080   Section       96  libspace.o(.bss)
    HEAP                                     0x400000e0   Section        0  startup.o(HEAP)
    STACK                                    0x400000e0   Section     1160  startup.o(STACK)
    Heap_Mem                                 0x400000e0   Data           0  startup.o(HEAP)
    Stack_Mem                                0x400000e0   Data        1024  startup.o(STACK)
    Stack_Top                                0x40000568   Data           0  startup.o(STACK)

    Global Symbols

    Symbol Name                              Value     Ov Type        Size  Object(Section)

    BuildAttributes$$THM_ISAv1$ARM_ISAv4$S$PE$A:L22$X:L11$S22$IEEE1$IW$USESV6$~STKCKD$USESV7$~SHL$OTIME$ROPI$IEEEX$EBA8$UX$STANDARDLIB$REQ8$PRES8$EABIv2 0x00000000   Number         0  anon$$obj.o ABSOLUTE
    __ARM_use_no_argv                        0x00000000   Number         0  mainproject.o ABSOLUTE
    __ARM_exceptions_init                     - Undefined Weak Reference
    __alloca_initialize                       - Undefined Weak Reference
    __cpp_initialize__aeabi_                  - Undefined Weak Reference
    __cxa_finalize                            - Undefined Weak Reference
    __fpl_infinity                            - Undefined Weak Reference
    __sigvec_lookup                           - Undefined Weak Reference
    _atexit_init                              - Undefined Weak Reference
    _call_atexit_fns                          - Undefined Weak Reference
    _clock_init                               - Undefined Weak Reference
    _fp_trap_init                             - Undefined Weak Reference
    _fp_trap_shutdown                         - Undefined Weak Reference
    _get_lc_collate                           - Undefined Weak Reference
    _get_lc_monetary                          - Undefined Weak Reference
    _get_lc_time                              - Undefined Weak Reference
    _getenv_init                              - Undefined Weak Reference
    _handle_redirection                       - Undefined Weak Reference
    _init_alloc                               - Undefined Weak Reference
    _init_user_alloc                          - Undefined Weak Reference
    _initio                                   - Undefined Weak Reference
    _rand_init                                - Undefined Weak Reference
    _signal_finish                            - Undefined Weak Reference
    _signal_init                              - Undefined Weak Reference
    _terminate_alloc                          - Undefined Weak Reference
    _terminate_user_alloc                     - Undefined Weak Reference
    _terminateio                              - Undefined Weak Reference
    Reset_Handler                            0x00000058   ARM Code       0  startup.o(RESET)
    __main                                   0x00000110   ARM Code       8  __main.o(!!!main)
    __scatterload                            0x00000118   ARM Code       0  __scatter.o(!!!scatter)
    __scatterload_rt2                        0x00000118   ARM Code      52  __scatter.o(!!!scatter)
    __scatterload_null                       0x0000012c   ARM Code       0  __scatter.o(!!!scatter)
    __scatterload_copy                       0x00000154   ARM Code      40  __scatter_copy.o(!!handler_copy)
    __scatterload_zeroinit                   0x0000017c   ARM Code      44  __scatter_zi.o(!!handler_zi)
    Inline ARM to Thumb Veneer to __rt_lib_init 0x000001a8   ARM Code       8  libinit.o(.ARM.Collect$$libinit$$00000000)
    __rt_lib_init                            0x000001b1   Thumb Code     0  libinit.o(.ARM.Collect$$libinit$$00000000)
    __rt_lib_init_heap_1                     0x000001b7   Thumb Code     0  libinit2.o(.ARM.Collect$$libinit$$00000006)
    __rt_lib_init_lc_common                  0x000001b7   Thumb Code     0  libinit2.o(.ARM.Collect$$libinit$$0000000B)
    __rt_lib_init_rand_1                     0x000001b7   Thumb Code     0  libinit2.o(.ARM.Collect$$libinit$$0000000A)
    __rt_lib_init_user_alloc_1               0x000001b7   Thumb Code     0  libinit2.o(.ARM.Collect$$libinit$$00000008)
    __rt_lib_init_lc_collate_1               0x000001bd   Thumb Code     0  libinit2.o(.ARM.Collect$$libinit$$0000000D)
    __rt_lib_init_lc_ctype_2                 0x000001bd   Thumb Code     0  libinit2.o(.ARM.Collect$$libinit$$0000000E)
    __rt_lib_init_lc_ctype_1                 0x000001c9   Thumb Code     0  libinit2.o(.ARM.Collect$$libinit$$0000000F)
    __rt_lib_init_lc_monetary_1              0x000001c9   Thumb Code     0  libinit2.o(.ARM.Collect$$libinit$$00000011)
    __rt_lib_init_lc_numeric_2               0x000001c9   Thumb Code     0  libinit2.o(.ARM.Collect$$libinit$$00000012)
    __rt_lib_init_alloca_1                   0x000001d3   Thumb Code     0  libinit2.o(.ARM.Collect$$libinit$$0000002A)
    __rt_lib_init_argv_1                     0x000001d3   Thumb Code     0  libinit2.o(.ARM.Collect$$libinit$$00000028)
    __rt_lib_init_atexit_1                   0x000001d3   Thumb Code     0  libinit2.o(.ARM.Collect$$libinit$$00000017)
    __rt_lib_init_clock_1                    0x000001d3   Thumb Code     0  libinit2.o(.ARM.Collect$$libinit$$0000001D)
    __rt_lib_init_cpp_1                      0x000001d3   Thumb Code     0  libinit2.o(.ARM.Collect$$libinit$$0000002E)
    __rt_lib_init_exceptions_1               0x000001d3   Thumb Code     0  libinit2.o(.ARM.Collect$$libinit$$0000002C)
    __rt_lib_init_fp_trap_1                  0x000001d3   Thumb Code     0  libinit2.o(.ARM.Collect$$libinit$$0000001B)
    __rt_lib_init_getenv_1                   0x000001d3   Thumb Code     0  libinit2.o(.ARM.Collect$$libinit$$0000001F)
    __rt_lib_init_lc_numeric_1               0x000001d3   Thumb Code     0  libinit2.o(.ARM.Collect$$libinit$$00000013)
    __rt_lib_init_lc_time_1                  0x000001d3   Thumb Code     0  libinit2.o(.ARM.Collect$$libinit$$00000015)
    __rt_lib_init_return                     0x000001d3   Thumb Code     0  libinit2.o(.ARM.Collect$$libinit$$0000002F)
    __rt_lib_init_signal_1                   0x000001d3   Thumb Code     0  libinit2.o(.ARM.Collect$$libinit$$00000019)
    __rt_lib_init_stdio_1                    0x000001d3   Thumb Code     0  libinit2.o(.ARM.Collect$$libinit$$00000021)
    Inline ARM to Thumb Veneer to __rt_lib_shutdown 0x000001e0   ARM Code       8  libshutdown.o(.ARM.Collect$$libshutdown$$00000000)
    __rt_lib_shutdown                        0x000001e9   Thumb Code     0  libshutdown.o(.ARM.Collect$$libshutdown$$00000000)
    __rt_lib_shutdown_fp_trap_1              0x000001ed   Thumb Code     0  libshutdown2.o(.ARM.Collect$$libshutdown$$00000006)
    __rt_lib_shutdown_heap_1                 0x000001ed   Thumb Code     0  libshutdown2.o(.ARM.Collect$$libshutdown$$0000000E)
    __rt_lib_shutdown_return                 0x000001ed   Thumb Code     0  libshutdown2.o(.ARM.Collect$$libshutdown$$0000000F)
    __rt_lib_shutdown_signal_1               0x000001ed   Thumb Code     0  libshutdown2.o(.ARM.Collect$$libshutdown$$00000009)
    __rt_lib_shutdown_stdio_1                0x000001ed   Thumb Code     0  libshutdown2.o(.ARM.Collect$$libshutdown$$00000003)
    __rt_lib_shutdown_user_alloc_1           0x000001ed   Thumb Code     0  libshutdown2.o(.ARM.Collect$$libshutdown$$0000000B)
    __rt_entry                               0x000001f4   ARM Code       0  rtentry.o(.ARM.Collect$$rtentry$$00000000)
    __rt_entry_presh_1                       0x000001f4   ARM Code       0  rtentry2.o(.ARM.Collect$$rtentry$$00000002)
    __rt_entry_sh                            0x000001f4   ARM Code       0  rtentry4.o(.ARM.Collect$$rtentry$$00000004)
    __rt_entry_li                            0x000001fc   ARM Code       0  rtentry2.o(.ARM.Collect$$rtentry$$0000000A)
    __rt_entry_postsh_1                      0x000001fc   ARM Code       0  rtentry2.o(.ARM.Collect$$rtentry$$00000009)
    __rt_entry_main                          0x00000200   ARM Code       0  rtentry2.o(.ARM.Collect$$rtentry$$0000000D)
    __rt_entry_postli_1                      0x00000200   ARM Code       0  rtentry2.o(.ARM.Collect$$rtentry$$0000000C)
    Inline Thumb to ARM Veneer to __rt_exit  0x00000229   Thumb Code     4  rtexit.o(.ARM.Collect$$rtexit$$00000000)
    __rt_exit                                0x0000022c   ARM Code       0  rtexit.o(.ARM.Collect$$rtexit$$00000000)
    __rt_exit_ls                             0x00000230   ARM Code       0  rtexit2.o(.ARM.Collect$$rtexit$$00000003)
    __rt_exit_prels_1                        0x00000230   ARM Code       0  rtexit2.o(.ARM.Collect$$rtexit$$00000002)
    __rt_exit_exit                           0x00000234   ARM Code       0  rtexit2.o(.ARM.Collect$$rtexit$$00000004)
    __user_initial_stackheap                 0x0000023c   ARM Code       0  startup.o(.text)
    delay_us                                 0x0000025c   ARM Code      28  delay.o(.text)
    delay_ms                                 0x00000278   ARM Code      28  delay.o(.text)
    delay_s                                  0x00000294   ARM Code      28  delay.o(.text)
    i2c_eeprom_write                         0x000002b8   ARM Code      76  i2c_eeprom.o(.text)
    i2c_eeprom_read                          0x00000304   ARM Code      88  i2c_eeprom.o(.text)
    i2c_eeprom_page_write                    0x0000035c   ARM Code     104  i2c_eeprom.o(.text)
    i2c_eeprom_seq_read                      0x000003c4   ARM Code     128  i2c_eeprom.o(.text)
    init_i2c                                 0x00000444   ARM Code      48  i2c.o(.text)
    i2c_start                                0x00000474   ARM Code      52  i2c.o(.text)
    i2c_restart                              0x000004a8   ARM Code      60  i2c.o(.text)
    i2c_write                                0x000004e4   ARM Code      48  i2c.o(.text)
    i2c_stop                                 0x00000514   ARM Code      24  i2c.o(.text)
    i2c_nack                                 0x0000052c   ARM Code      56  i2c.o(.text)
    i2c_masterack                            0x00000564   ARM Code      68  i2c.o(.text)
    UART0_isr                                0x000005b0   ARM Code     180  uart_int.o(.text)
    InitUART0                                0x00000664   ARM Code     100  uart_int.o(.text)
    u0_txchar                                0x000006c8   ARM Code      36  uart_int.o(.text)
    u0_rxchar                                0x000006ec   ARM Code      32  uart_int.o(.text)
    u0_txstr                                 0x0000070c   ARM Code      40  uart_int.o(.text)
    u0_rxstr                                 0x00000734   ARM Code     100  uart_int.o(.text)
    u0_txU32                                 0x00000798   ARM Code     128  uart_int.o(.text)
    u0_rxU32                                 0x00000818   ARM Code      28  uart_int.o(.text)
    u0_txF32                                 0x00000834   ARM Code     168  uart_int.o(.text)
    u0_rxF32                                 0x000008dc   ARM Code      36  uart_int.o(.text)
    u0_txHEX                                 0x00000900   ARM Code     128  uart_int.o(.text)
    u0_rxHEX                                 0x00000980   ARM Code      88  uart_int.o(.text)
    Init_kpm                                 0x000009fc   ARM Code      24  keypad.o(.text)
    ColScan                                  0x00000a14   ARM Code      44  keypad.o(.text)
    RowCheck                                 0x00000a40   ARM Code     112  keypad.o(.text)
    ColCheck                                 0x00000ab0   ARM Code      60  keypad.o(.text)
    keyscan                                  0x00000aec   ARM Code      84  keypad.o(.text)
    Write_lcd                                0x00000b48   ARM Code      76  lcd.o(.text)
    Cmd_lcd                                  0x00000b94   ARM Code      36  lcd.o(.text)
    INIT_lcd                                 0x00000bb8   ARM Code     144  lcd.o(.text)
    Char_lcd                                 0x00000c48   ARM Code      36  lcd.o(.text)
    Str_lcd                                  0x00000c6c   ARM Code      40  lcd.o(.text)
    Itoa_lcd                                 0x00000c94   ARM Code     128  lcd.o(.text)
    Itoan_lcd                                0x00000d14   ARM Code      44  lcd.o(.text)
    F32_lcd                                  0x00000d40   ARM Code     168  lcd.o(.text)
    Bin_lcd                                  0x00000de8   ARM Code     164  lcd.o(.text)
    Hex_lcd                                  0x00000e8c   ARM Code     120  lcd.o(.text)
    Build_CG_ram                             0x00000f04   ARM Code      68  lcd.o(.text)
    rtc_init                                 0x00000f50   ARM Code      72  mainrtc.o(.text)
    Read_num1                                0x00000f9c   ARM Code     192  mainproject.o(.text)
    Read_num                                 0x0000105c   ARM Code     212  mainproject.o(.text)
    fundrivinglicense                        0x00001130   ARM Code     440  mainproject.o(.text)
    funvotingcard                            0x000012e8   ARM Code     960  mainproject.o(.text)
    deposit                                  0x000016a8   ARM Code     236  mainproject.o(.text)
    withdraw                                 0x00001794   ARM Code     572  mainproject.o(.text)
    balenq                                   0x000019d0   ARM Code      92  mainproject.o(.text)
    funatmcard                               0x00001a2c   ARM Code     336  mainproject.o(.text)
    funpancard                               0x00001b7c   ARM Code     248  mainproject.o(.text)
    menu                                     0x00001c74   ARM Code     384  mainproject.o(.text)
    main                                     0x00001df4   ARM Code     324  mainproject.o(.text)
    Inline Thumb to ARM Veneer to __rt_ctype_table 0x00001fad   Thumb Code     4  rt_ctype_table.o(.text)
    __rt_ctype_table                         0x00001fb0   ARM Code      24  rt_ctype_table.o(.text)
    Inline ARM to Thumb Veneer to atoi       0x00001fc8   ARM Code       8  atoi.o(.text)
    atoi                                     0x00001fd1   Thumb Code    30  atoi.o(.text)
    Inline ARM to Thumb Veneer to exit       0x00001ff0   ARM Code       8  exit.o(.text)
    exit                                     0x00001ff9   Thumb Code    12  exit.o(.text)
    Inline ARM to Thumb Veneer to strlen     0x00002004   ARM Code       8  strlen.o(.text)
    strlen                                   0x0000200d   Thumb Code    64  strlen.o(.text)
    __aeabi_memcpy4                          0x00002050   ARM Code       0  rt_memcpy_w.o(.text)
    __aeabi_memcpy8                          0x00002050   ARM Code       0  rt_memcpy_w.o(.text)
    __rt_memcpy_w                            0x00002050   ARM Code     100  rt_memcpy_w.o(.text)
    _memcpy_lastbytes_aligned                0x0000209c   ARM Code       0  rt_memcpy_w.o(.text)
    strcmp                                   0x000020b4   ARM Code     156  strcmp.o(.text)
    Inline Thumb to ARM Veneer to __aeabi_idivmod 0x00002155   Thumb Code     4  aeabi_sdiv.o(.text)
    __aeabi_idiv                             0x00002158   ARM Code       0  aeabi_sdiv.o(.text)
    __aeabi_idivmod                          0x00002158   ARM Code     384  aeabi_sdiv.o(.text)
    __use_two_region_memory                  0x000022d9   Thumb Code     2  heapauxi.o(.text)
    __rt_heap_escrow$2region                 0x000022db   Thumb Code     2  heapauxi.o(.text)
    __rt_heap_expand$2region                 0x000022dd   Thumb Code     2  heapauxi.o(.text)
    Inline Thumb to ARM Veneer to __rt_locale 0x000022e1   Thumb Code     4  rt_locale_intlibspace.o(.text)
    __rt_locale                              0x000022e4   ARM Code      16  rt_locale_intlibspace.o(.text)
    Inline Thumb to ARM Veneer to __aeabi_errno_addr 0x000022f5   Thumb Code     4  rt_errno_addr_intlibspace.o(.text)
    __aeabi_errno_addr                       0x000022f8   ARM Code      16  rt_errno_addr_intlibspace.o(.text)
    __errno$intlibspace                      0x000022f8   ARM Code       0  rt_errno_addr_intlibspace.o(.text)
    __rt_errno_addr$intlibspace              0x000022f8   ARM Code       0  rt_errno_addr_intlibspace.o(.text)
    Inline ARM to Thumb Veneer to __set_errno 0x00002308   ARM Code       8  _rserrno.o(.text)
    __read_errno                             0x00002311   Thumb Code    14  _rserrno.o(.text)
    __set_errno                              0x0000231f   Thumb Code    12  _rserrno.o(.text)
    Inline ARM to Thumb Veneer to __strtod_int 0x0000232c   ARM Code       8  strtod.o(.text)
    __strtod_int                             0x00002371   Thumb Code    94  strtod.o(.text)
    strtol                                   0x000023e1   Thumb Code   112  strtol.o(.text)
    __user_libspace                          0x00002454   ARM Code      12  libspace.o(.text)
    __user_perproc_libspace                  0x00002454   ARM Code       0  libspace.o(.text)
    __user_perthread_libspace                0x00002454   ARM Code       0  libspace.o(.text)
    isspace                                  0x00002461   Thumb Code    22  isspace.o(.text)
    _sgetc                                   0x00002477   Thumb Code    32  _sgetc.o(.text)
    _sbackspace                              0x00002497   Thumb Code    38  _sgetc.o(.text)
    _strtoul                                 0x000024bd   Thumb Code   170  _strtoul.o(.text)
    Inline ARM to Thumb Veneer to _sys_exit  0x00002568   ARM Code       8  sys_exit.o(.text)
    _sys_exit                                0x00002571   Thumb Code     8  sys_exit.o(.text)
    __user_setup_stackheap                   0x0000257c   ARM Code      96  sys_stackheap_outer.o(.text)
    _chval                                   0x000025dd   Thumb Code    34  _chval.o(.text)
    _scanf_really_real                       0x0000280b   Thumb Code   722  scanf_fp.o(.text)
    __I$use$semihosting                      0x00002adc   ARM Code       0  use_no_semi.o(.text)
    __use_no_semihosting_swi                 0x00002adc   ARM Code       4  use_no_semi.o(.text)
    Inline Thumb to ARM Veneer to __aeabi_lmul 0x00002ae1   Thumb Code     4  llmul.o(.text)
    __aeabi_lmul                             0x00002ae4   ARM Code       0  llmul.o(.text)
    _ll_mul                                  0x00002ae4   ARM Code      28  llmul.o(.text)
    _btod_etento                             0x00002b01   Thumb Code   210  bigflt0.o(.text)
    __rt_fp_status_addr                      0x00002bd8   ARM Code      16  rt_fp_status_addr_intlibspace.o(.text)
    Inline ARM to Thumb Veneer to _scanf_really_hex_real 0x00002be8   ARM Code       8  scanf_hexfp.o(.text)
    _scanf_really_hex_real                   0x00002bf1   Thumb Code   800  scanf_hexfp.o(.text)
    Inline ARM to Thumb Veneer to _scanf_really_infnan 0x00002f1c   ARM Code       8  scanf_infnan.o(.text)
    _scanf_really_infnan                     0x00002f25   Thumb Code   322  scanf_infnan.o(.text)
    Inline Thumb to ARM Veneer to __aeabi_llsl 0x00003079   Thumb Code     4  llshl.o(.text)
    __aeabi_llsl                             0x0000307c   ARM Code       0  llshl.o(.text)
    _ll_shift_l                              0x0000307c   ARM Code      40  llshl.o(.text)
    __aeabi_uidiv                            0x000030a4   ARM Code       0  aeabi_sdiv.o(.text_udiv)
    __aeabi_uidivmod                         0x000030a4   ARM Code      36  aeabi_sdiv.o(.text_udiv)
    __btod_div_common                        0x000030c8   ARM Code     716  btod.o(CL$$btod_div_common)
    _e2d                                     0x00003414   ARM Code      96  btod.o(CL$$btod_e2d)
    _e2e                                     0x00003478   ARM Code     220  btod.o(CL$$btod_e2e)
    Inline Thumb to ARM Veneer to _btod_ediv 0x00003555   Thumb Code     4  btod.o(CL$$btod_ediv)
    _btod_ediv                               0x00003558   ARM Code      52  btod.o(CL$$btod_ediv)
    Inline Thumb to ARM Veneer to _btod_edivd 0x0000358d   Thumb Code     4  btod.o(CL$$btod_edivd)
    _btod_edivd                              0x00003590   ARM Code      52  btod.o(CL$$btod_edivd)
    Inline Thumb to ARM Veneer to _btod_emul 0x000035c5   Thumb Code     4  btod.o(CL$$btod_emul)
    _btod_emul                               0x000035c8   ARM Code      52  btod.o(CL$$btod_emul)
    Inline Thumb to ARM Veneer to _btod_emuld 0x000035fd   Thumb Code     4  btod.o(CL$$btod_emuld)
    _btod_emuld                              0x00003600   ARM Code      52  btod.o(CL$$btod_emuld)
    __btod_mult_common                       0x00003634   ARM Code     616  btod.o(CL$$btod_mult_common)
    Short Thumb to ARM Veneer to _scanf_infnan 0x0000389d   Thumb Code     8  anon$$obj.o(Veneer$$Code)
    Long ARM to Thumb Veneer to __read_errno 0x000038a4   ARM Code      12  anon$$obj.o(Veneer$$Code)
    Long ARM to Thumb Veneer to _scanf_really_real 0x000038b0   ARM Code      12  anon$$obj.o(Veneer$$Code)
    __ARM_common_call_via_r1                 0x000038bd   Thumb Code     2  scanf_fp.o(i.__ARM_common_call_via_r1)
    __ARM_fpclassify                         0x000038c0   ARM Code      48  fpclassify.o(i.__ARM_fpclassify)
    __kernel_poly                            0x000038f0   ARM Code     256  poly.o(i.__kernel_poly)
    __mathlib_dbl_underflow                  0x000039f0   ARM Code      20  dunder.o(i.__mathlib_dbl_underflow)
    Inline Thumb to ARM Veneer to __mathlib_narrow 0x00003a05   Thumb Code     4  narrow.o(i.__mathlib_narrow)
    __mathlib_narrow                         0x00003a08   ARM Code      28  narrow.o(i.__mathlib_narrow)
    __mathlib_tofloat                        0x00003a24   ARM Code     216  narrow.o(i.__mathlib_tofloat)
    Inline Thumb to ARM Veneer to __support_ldexp 0x00003afd   Thumb Code     4  ldexp.o(i.__support_ldexp)
    __support_ldexp                          0x00003b00   ARM Code      36  ldexp.o(i.__support_ldexp)
    atof                                     0x00003b24   ARM Code      72  atof.o(i.atof)
    frexp                                    0x00003b6c   ARM Code     128  frexp.o(i.frexp)
    ldexp                                    0x00003bec   ARM Code     212  ldexp.o(i.ldexp)
    pow                                      0x00003cc0   ARM Code    3832  pow.o(i.pow)
    sqrt                                     0x00004bb8   ARM Code     108  sqrt.o(i.sqrt)
    Inline Thumb to ARM Veneer to _get_lc_ctype 0x00004c25   Thumb Code     4  lc_ctype_c.o(locale$$code)
    _get_lc_ctype                            0x00004c28   ARM Code      80  lc_ctype_c.o(locale$$code)
    Inline Thumb to ARM Veneer to _get_lc_numeric 0x00004c79   Thumb Code     4  lc_numeric_c.o(locale$$code)
    _get_lc_numeric                          0x00004c7c   ARM Code      80  lc_numeric_c.o(locale$$code)
    __aeabi_d2f                              0x00004ccc   ARM Code       0  d2f.o(x$fpl$d2f)
    _d2f                                     0x00004ccc   ARM Code     108  d2f.o(x$fpl$d2f)
    __aeabi_dadd                             0x00004d38   ARM Code       0  daddsub_noclz.o(x$fpl$dadd)
    _dadd                                    0x00004d38   ARM Code     332  daddsub_noclz.o(x$fpl$dadd)
    __fpl_dcheck_NaN1                        0x00004e88   ARM Code      12  dcheck1.o(x$fpl$dcheck1)
    __fpl_dcmp_Inf                           0x00004e98   ARM Code      28  dcmpi.o(x$fpl$dcmpinf)
    __aeabi_ddiv                             0x00004eb4   ARM Code       0  ddiv.o(x$fpl$ddiv)
    _ddiv                                    0x00004eb4   ARM Code     600  ddiv.o(x$fpl$ddiv)
    __aeabi_cdcmpeq                          0x00005194   ARM Code       0  deqf.o(x$fpl$deqf)
    _dcmpeq                                  0x00005194   ARM Code     148  deqf.o(x$fpl$deqf)
    __aeabi_i2d                              0x00005228   ARM Code       0  dflt_noclz.o(x$fpl$dflt)
    _dflt                                    0x00005228   ARM Code      88  dflt_noclz.o(x$fpl$dflt)
    __dflt_normalise                         0x00005238   ARM Code       0  dflt_noclz.o(x$fpl$dflt)
    __aeabi_cdcmple                          0x00005280   ARM Code       0  dleqf.o(x$fpl$dleqf)
    _dcmple                                  0x00005280   ARM Code     148  dleqf.o(x$fpl$dleqf)
    __fpl_dcmple_InfNaN                      0x000052fc   ARM Code       0  dleqf.o(x$fpl$dleqf)
    __aeabi_dmul                             0x00005314   ARM Code       0  dmul.o(x$fpl$dmul)
    _dmul                                    0x00005314   ARM Code     372  dmul.o(x$fpl$dmul)
    __fpl_dnaninf                            0x00005494   ARM Code     192  dnaninf.o(x$fpl$dnaninf)
    __fpl_dretinf                            0x00005554   ARM Code      16  dretinf.o(x$fpl$dretinf)
    __aeabi_cdrcmple                         0x00005564   ARM Code       0  drleqf.o(x$fpl$drleqf)
    _drcmple                                 0x00005564   ARM Code     140  drleqf.o(x$fpl$drleqf)
    __aeabi_drsub                            0x000055f0   ARM Code       0  daddsub_noclz.o(x$fpl$drsb)
    _drsb                                    0x000055f0   ARM Code      24  daddsub_noclz.o(x$fpl$drsb)
    _dsqrt                                   0x00005608   ARM Code     516  dsqrt_noumaal.o(x$fpl$dsqrt)
    __aeabi_dsub                             0x00005810   ARM Code       0  daddsub_noclz.o(x$fpl$dsub)
    _dsub                                    0x00005810   ARM Code     576  daddsub_noclz.o(x$fpl$dsub)
    __aeabi_f2d                              0x00005a54   ARM Code       0  f2d.o(x$fpl$f2d)
    _f2d                                     0x00005a54   ARM Code     100  f2d.o(x$fpl$f2d)
    __aeabi_fadd                             0x00005ab8   ARM Code       0  faddsub_noclz.o(x$fpl$fadd)
    _fadd                                    0x00005ab8   ARM Code     196  faddsub_noclz.o(x$fpl$fadd)
    __aeabi_f2uiz                            0x00005b7c   ARM Code       0  ffixu.o(x$fpl$ffixu)
    _ffixu                                   0x00005b7c   ARM Code      84  ffixu.o(x$fpl$ffixu)
    __aeabi_i2f                              0x00005bd0   ARM Code       0  fflt_noclz.o(x$fpl$fflt)
    _fflt                                    0x00005bd0   ARM Code      92  fflt_noclz.o(x$fpl$fflt)
    __fflt_normalise                         0x00005bdc   ARM Code       0  fflt_noclz.o(x$fpl$fflt)
    __aeabi_ui2f                             0x00005c2c   ARM Code       0  fflt_noclz.o(x$fpl$ffltu)
    _ffltu                                   0x00005c2c   ARM Code       8  fflt_noclz.o(x$fpl$ffltu)
    __aeabi_fmul                             0x00005c34   ARM Code       0  fmul.o(x$fpl$fmul)
    _fmul                                    0x00005c34   ARM Code     256  fmul.o(x$fpl$fmul)
    __fpl_fnaninf                            0x00005d34   ARM Code     168  fnaninf.o(x$fpl$fnaninf)
    Inline Thumb to ARM Veneer to _fp_init   0x00005ddd   Thumb Code     4  fpinit.o(x$fpl$fpinit)
    _fp_init                                 0x00005de0   ARM Code      24  fpinit.o(x$fpl$fpinit)
    __fplib_config_pureend_doubles           0x00005df0   ARM Code       0  fpinit.o(x$fpl$fpinit)
    __fpl_fretinf                            0x00005df8   ARM Code      16  fretinf.o(x$fpl$fretinf)
    __aeabi_frsub                            0x00005e08   ARM Code       0  faddsub_noclz.o(x$fpl$frsb)
    _frsb                                    0x00005e08   ARM Code      20  faddsub_noclz.o(x$fpl$frsb)
    __aeabi_fsub                             0x00005e1c   ARM Code       0  faddsub_noclz.o(x$fpl$fsub)
    _fsub                                    0x00005e1c   ARM Code     304  faddsub_noclz.o(x$fpl$fsub)
    Inline Thumb to ARM Veneer to __ieee_status 0x00005f4d   Thumb Code     4  istatus.o(x$fpl$ieeestatus)
    __ieee_status                            0x00005f50   ARM Code       8  istatus.o(x$fpl$ieeestatus)
    __fpl_return_NaN                         0x00005f58   ARM Code     116  retnan.o(x$fpl$retnan)
    __ARM_scalbn                             0x00005fcc   ARM Code       0  scalbn.o(x$fpl$scalbn)
    scalbn                                   0x00005fcc   ARM Code     108  scalbn.o(x$fpl$scalbn)
    __fpl_inf_scalbn                         0x00006034   ARM Code       0  scalbn.o(x$fpl$scalbn)
    Inline Thumb to ARM Veneer to _scanf_real 0x00006039   Thumb Code     4  scanf1.o(x$fpl$scanf1)
    _scanf_real                              0x0000603c   ARM Code       4  scanf1.o(x$fpl$scanf1)
    Inline Thumb to ARM Veneer to _scanf_hex_real 0x00006041   Thumb Code     4  scanf2.o(x$fpl$scanf2)
    _scanf_hex_real                          0x00006044   ARM Code       4  scanf2.o(x$fpl$scanf2)
    _scanf_infnan                            0x00006048   ARM Code       4  scanf2.o(x$fpl$scanf2)
    __fpl_cmpreturn                          0x0000604c   ARM Code      60  trapv.o(x$fpl$trapveneer)
    __I$use$fp                               0x00006088   ARM Code       0  usenofp.o(x$fpl$usenofp)
    prolut                                   0x00006088   Data          31  mainproject.o(.constdata)
    date                                     0x000060a8   Data           2  mainproject.o(.constdata)
    month                                    0x000060aa   Data           2  mainproject.o(.constdata)
    year                                     0x000060ac   Data           2  mainproject.o(.constdata)
    __mathlib_zero                           0x00006168   Data           8  qnan.o(.constdata)
    Region$$Table$$Base                      0x00006204   Number         0  anon$$obj.o(Region$$Table)
    Region$$Table$$Limit                     0x00006224   Number         0  anon$$obj.o(Region$$Table)
    __aeabi_HUGE_VAL                         0x00006224   Data           0  fpconst.o(c$$dinf)
    __aeabi_HUGE_VALL                        0x00006224   Data           0  fpconst.o(c$$dinf)
    __aeabi_INFINITY                         0x00006224   Data           0  fpconst.o(c$$dinf)
    __dInf                                   0x00006224   Data           0  fpconst.o(c$$dinf)
    __huge_val                               0x00006224   Data           0  fpconst.o(c$$dinf)
    __ctype                                  0x00006239   Data           0  lc_ctype_c.o(locale$$data)
    i                                        0x40000000   Data           1  uart_int.o(.data)
    dummy                                    0x40000001   Data           1  uart_int.o(.data)
    ch                                       0x40000002   Data           1  uart_int.o(.data)
    r_flag                                   0x40000003   Data           1  uart_int.o(.data)
    flagreg                                  0x40000004   Data           4  mainproject.o(.data)
    kpmlut                                   0x40000008   Data          16  mainproject.o(.data)
    n                                        0x40000018   Data           2  mainproject.o(.data)
    a                                        0x4000001c   Data           4  mainproject.o(.data)
    n1                                       0x40000020   Data           1  mainproject.o(.data)
    n2                                       0x40000021   Data           1  mainproject.o(.data)
    z                                        0x40000022   Data           2  mainproject.o(.data)
    x                                        0x40000024   Data           1  mainproject.o(.data)
    y                                        0x40000025   Data           1  mainproject.o(.data)
    p                                        0x40000028   Data           4  mainproject.o(.data)
    buff                                     0x4000004a   Data          11  uart_int.o(.bss)
    ptr                                      0x40000069   Data          20  mainproject.o(.bss)
    __libspace_start                         0x40000080   Data          96  libspace.o(.bss)
    __temporary_stack_top$libspace           0x400000e0   Data           0  libspace.o(.bss)



==============================================================================

Memory Map of the image

  Image Entry point : 0x00000110

  Load Region LR_IROM1 (Base: 0x00000000, Size: 0x00006384, Max: 0x00080000, ABSOLUTE)

    Execution Region ER_IROM1 (Base: 0x00000000, Size: 0x00006358, Max: 0x00080000, ABSOLUTE)

    Base Addr    Size         Type   Attr      Idx    E Section Name        Object

    0x00000000   0x00000110   Code   RO            3    RESET               startup.o
    0x00000110   0x00000008   Code   RO          203  * !!!main             c_t.l(__main.o)(c_t.l)
    0x00000118   0x0000003c   Code   RO          575    !!!scatter          c_t.l(__scatter.o)(c_t.l)
    0x00000154   0x00000028   Code   RO          577    !!handler_copy      c_t.l(__scatter_copy.o)(c_t.l)
    0x0000017c   0x0000002c   Code   RO          579    !!handler_zi        c_t.l(__scatter_zi.o)(c_t.l)
    0x000001a8   0x00000008   Ven    RO          429    .ARM.Collect$$libinit$$00000000  c_t.l(libinit.o)(c_t.l)
    0x000001b0   0x00000006   Code   RO          429    .ARM.Collect$$libinit$$00000000  c_t.l(libinit.o)(c_t.l)
    0x000001b6   0x00000000   Code   RO          360    .ARM.Collect$$libinit$$00000006  c_t.l(libinit2.o)(c_t.l)
    0x000001b6   0x00000000   Code   RO          362    .ARM.Collect$$libinit$$00000008  c_t.l(libinit2.o)(c_t.l)
    0x000001b6   0x00000000   Code   RO          364    .ARM.Collect$$libinit$$0000000A  c_t.l(libinit2.o)(c_t.l)
    0x000001b6   0x00000006   Code   RO          365    .ARM.Collect$$libinit$$0000000B  c_t.l(libinit2.o)(c_t.l)
    0x000001bc   0x00000000   Code   RO          367    .ARM.Collect$$libinit$$0000000D  c_t.l(libinit2.o)(c_t.l)
    0x000001bc   0x0000000c   Code   RO          368    .ARM.Collect$$libinit$$0000000E  c_t.l(libinit2.o)(c_t.l)
    0x000001c8   0x00000000   Code   RO          369    .ARM.Collect$$libinit$$0000000F  c_t.l(libinit2.o)(c_t.l)
    0x000001c8   0x00000000   Code   RO          371    .ARM.Collect$$libinit$$00000011  c_t.l(libinit2.o)(c_t.l)
    0x000001c8   0x0000000a   Code   RO          372    .ARM.Collect$$libinit$$00000012  c_t.l(libinit2.o)(c_t.l)
    0x000001d2   0x00000000   Code   RO          373    .ARM.Collect$$libinit$$00000013  c_t.l(libinit2.o)(c_t.l)
    0x000001d2   0x00000000   Code   RO          375    .ARM.Collect$$libinit$$00000015  c_t.l(libinit2.o)(c_t.l)
    0x000001d2   0x00000000   Code   RO          377    .ARM.Collect$$libinit$$00000017  c_t.l(libinit2.o)(c_t.l)
    0x000001d2   0x00000000   Code   RO          379    .ARM.Collect$$libinit$$00000019  c_t.l(libinit2.o)(c_t.l)
    0x000001d2   0x00000000   Code   RO          381    .ARM.Collect$$libinit$$0000001B  c_t.l(libinit2.o)(c_t.l)
    0x000001d2   0x00000000   Code   RO          383    .ARM.Collect$$libinit$$0000001D  c_t.l(libinit2.o)(c_t.l)
    0x000001d2   0x00000000   Code   RO          385    .ARM.Collect$$libinit$$0000001F  c_t.l(libinit2.o)(c_t.l)
    0x000001d2   0x00000000   Code   RO          387    .ARM.Collect$$libinit$$00000021  c_t.l(libinit2.o)(c_t.l)
    0x000001d2   0x00000000   Code   RO          391    .ARM.Collect$$libinit$$00000028  c_t.l(libinit2.o)(c_t.l)
    0x000001d2   0x00000000   Code   RO          393    .ARM.Collect$$libinit$$0000002A  c_t.l(libinit2.o)(c_t.l)
    0x000001d2   0x00000000   Code   RO          395    .ARM.Collect$$libinit$$0000002C  c_t.l(libinit2.o)(c_t.l)
    0x000001d2   0x00000000   Code   RO          397    .ARM.Collect$$libinit$$0000002E  c_t.l(libinit2.o)(c_t.l)
    0x000001d2   0x0000000c   Code   RO          398    .ARM.Collect$$libinit$$0000002F  c_t.l(libinit2.o)(c_t.l)
    0x000001de   0x00000002   PAD
    0x000001e0   0x00000008   Ven    RO          430    .ARM.Collect$$libshutdown$$00000000  c_t.l(libshutdown.o)(c_t.l)
    0x000001e8   0x00000004   Code   RO          430    .ARM.Collect$$libshutdown$$00000000  c_t.l(libshutdown.o)(c_t.l)
    0x000001ec   0x00000000   Code   RO          474    .ARM.Collect$$libshutdown$$00000003  c_t.l(libshutdown2.o)(c_t.l)
    0x000001ec   0x00000000   Code   RO          477    .ARM.Collect$$libshutdown$$00000006  c_t.l(libshutdown2.o)(c_t.l)
    0x000001ec   0x00000000   Code   RO          480    .ARM.Collect$$libshutdown$$00000009  c_t.l(libshutdown2.o)(c_t.l)
    0x000001ec   0x00000000   Code   RO          482    .ARM.Collect$$libshutdown$$0000000B  c_t.l(libshutdown2.o)(c_t.l)
    0x000001ec   0x00000000   Code   RO          485    .ARM.Collect$$libshutdown$$0000000E  c_t.l(libshutdown2.o)(c_t.l)
    0x000001ec   0x00000006   Code   RO          486    .ARM.Collect$$libshutdown$$0000000F  c_t.l(libshutdown2.o)(c_t.l)
    0x000001f2   0x00000002   PAD
    0x000001f4   0x00000000   Code   RO          239    .ARM.Collect$$rtentry$$00000000  c_t.l(rtentry.o)(c_t.l)
    0x000001f4   0x00000000   Code   RO          322    .ARM.Collect$$rtentry$$00000002  c_t.l(rtentry2.o)(c_t.l)
    0x000001f4   0x00000008   Code   RO          337    .ARM.Collect$$rtentry$$00000004  c_t.l(rtentry4.o)(c_t.l)
    0x000001fc   0x00000000   Code   RO          324    .ARM.Collect$$rtentry$$00000009  c_t.l(rtentry2.o)(c_t.l)
    0x000001fc   0x00000004   Code   RO          325    .ARM.Collect$$rtentry$$0000000A  c_t.l(rtentry2.o)(c_t.l)
    0x00000200   0x00000000   Code   RO          327    .ARM.Collect$$rtentry$$0000000C  c_t.l(rtentry2.o)(c_t.l)
    0x00000200   0x00000028   Code   RO          328    .ARM.Collect$$rtentry$$0000000D  c_t.l(rtentry2.o)(c_t.l)
    0x00000228   0x00000004   Ven    RO          241    .ARM.Collect$$rtexit$$00000000  c_t.l(rtexit.o)(c_t.l)
    0x0000022c   0x00000004   Code   RO          241    .ARM.Collect$$rtexit$$00000000  c_t.l(rtexit.o)(c_t.l)
    0x00000230   0x00000000   Code   RO          340    .ARM.Collect$$rtexit$$00000002  c_t.l(rtexit2.o)(c_t.l)
    0x00000230   0x00000004   Code   RO          341    .ARM.Collect$$rtexit$$00000003  c_t.l(rtexit2.o)(c_t.l)
    0x00000234   0x00000008   Code   RO          342    .ARM.Collect$$rtexit$$00000004  c_t.l(rtexit2.o)(c_t.l)
    0x0000023c   0x00000020   Code   RO            4    .text               startup.o
    0x0000025c   0x0000005c   Code   RO           11    .text               delay.o
    0x000002b8   0x0000018c   Code   RO           21    .text               i2c_eeprom.o
    0x00000444   0x0000016c   Code   RO           41    .text               i2c.o
    0x000005b0   0x0000044c   Code   RO           58    .text               uart_int.o
    0x000009fc   0x0000014c   Code   RO           83    .text               keypad.o
    0x00000b48   0x00000408   Code   RO          102    .text               lcd.o
    0x00000f50   0x0000004c   Code   RO          117    .text               mainrtc.o
    0x00000f9c   0x00001010   Code   RO          135    .text               mainproject.o
    0x00001fac   0x00000004   Ven    RO          173    .text               c_t.l(rt_ctype_table.o)(c_t.l)
    0x00001fb0   0x00000018   Code   RO          173    .text               c_t.l(rt_ctype_table.o)(c_t.l)
    0x00001fc8   0x00000008   Ven    RO          175    .text               c_t.l(atoi.o)(c_t.l)
    0x00001fd0   0x0000001e   Code   RO          175    .text               c_t.l(atoi.o)(c_t.l)
    0x00001fee   0x00000002   PAD
    0x00001ff0   0x00000008   Ven    RO          177    .text               c_t.l(exit.o)(c_t.l)
    0x00001ff8   0x0000000c   Code   RO          177    .text               c_t.l(exit.o)(c_t.l)
    0x00002004   0x00000008   Ven    RO          179    .text               c_t.l(strlen.o)(c_t.l)
    0x0000200c   0x00000044   Code   RO          179    .text               c_t.l(strlen.o)(c_t.l)
    0x00002050   0x00000064   Code   RO          181    .text               c_t.l(rt_memcpy_w.o)(c_t.l)
    0x000020b4   0x000000a0   Code   RO          183    .text               c_t.l(strcmp.o)(c_t.l)
    0x00002154   0x00000004   Ven    RO          185    .text               c_t.l(aeabi_sdiv.o)(c_t.l)
    0x00002158   0x00000180   Code   RO          185    .text               c_t.l(aeabi_sdiv.o)(c_t.l)
    0x000022d8   0x00000006   Code   RO          201    .text               c_t.l(heapauxi.o)(c_t.l)
    0x000022de   0x00000002   PAD
    0x000022e0   0x00000004   Ven    RO          250    .text               c_t.l(rt_locale_intlibspace.o)(c_t.l)
    0x000022e4   0x00000010   Code   RO          250    .text               c_t.l(rt_locale_intlibspace.o)(c_t.l)
    0x000022f4   0x00000004   Ven    RO          255    .text               c_t.l(rt_errno_addr_intlibspace.o)(c_t.l)
    0x000022f8   0x00000010   Code   RO          255    .text               c_t.l(rt_errno_addr_intlibspace.o)(c_t.l)
    0x00002308   0x00000008   Ven    RO          257    .text               c_t.l(_rserrno.o)(c_t.l)
    0x00002310   0x0000001a   Code   RO          257    .text               c_t.l(_rserrno.o)(c_t.l)
    0x0000232a   0x00000002   PAD
    0x0000232c   0x00000008   Ven    RO          259    .text               c_t.l(strtod.o)(c_t.l)
    0x00002334   0x000000ac   Code   RO          259    .text               c_t.l(strtod.o)(c_t.l)
    0x000023e0   0x00000074   Code   RO          261    .text               c_t.l(strtol.o)(c_t.l)
    0x00002454   0x0000000c   Code   RO          318    .text               c_t.l(libspace.o)(c_t.l)
    0x00002460   0x00000016   Code   RO          349    .text               c_t.l(isspace.o)(c_t.l)
    0x00002476   0x00000046   Code   RO          351    .text               c_t.l(_sgetc.o)(c_t.l)
    0x000024bc   0x000000aa   Code   RO          353    .text               c_t.l(_strtoul.o)(c_t.l)
    0x00002566   0x00000002   PAD
    0x00002568   0x00000008   Ven    RO          405    .text               c_t.l(sys_exit.o)(c_t.l)
    0x00002570   0x0000000c   Code   RO          405    .text               c_t.l(sys_exit.o)(c_t.l)
    0x0000257c   0x00000060   Code   RO          407    .text               c_t.l(sys_stackheap_outer.o)(c_t.l)
    0x000025dc   0x00000022   Code   RO          409    .text               c_t.l(_chval.o)(c_t.l)
    0x000025fe   0x00000002   PAD
    0x00002600   0x000004dc   Code   RO          411    .text               c_t.l(scanf_fp.o)(c_t.l)
    0x00002adc   0x00000004   Code   RO          433    .text               c_t.l(use_no_semi.o)(c_t.l)
    0x00002ae0   0x00000004   Ven    RO          437    .text               c_t.l(llmul.o)(c_t.l)
    0x00002ae4   0x0000001c   Code   RO          437    .text               c_t.l(llmul.o)(c_t.l)
    0x00002b00   0x000000d8   Code   RO          439    .text               c_t.l(bigflt0.o)(c_t.l)
    0x00002bd8   0x00000010   Code   RO          513    .text               c_t.l(rt_fp_status_addr_intlibspace.o)(c_t.l)
    0x00002be8   0x00000008   Ven    RO          517    .text               c_t.l(scanf_hexfp.o)(c_t.l)
    0x00002bf0   0x0000032c   Code   RO          517    .text               c_t.l(scanf_hexfp.o)(c_t.l)
    0x00002f1c   0x00000008   Ven    RO          519    .text               c_t.l(scanf_infnan.o)(c_t.l)
    0x00002f24   0x00000154   Code   RO          519    .text               c_t.l(scanf_infnan.o)(c_t.l)
    0x00003078   0x00000004   Ven    RO          541    .text               c_t.l(llshl.o)(c_t.l)
    0x0000307c   0x00000028   Code   RO          541    .text               c_t.l(llshl.o)(c_t.l)
    0x000030a4   0x00000024   Code   RO          186    .text_udiv          c_t.l(aeabi_sdiv.o)(c_t.l)
    0x000030c8   0x0000034c   Code   RO          452    CL$$btod_div_common  c_t.l(btod.o)(c_t.l)
    0x00003414   0x00000064   Code   RO          450    CL$$btod_e2d        c_t.l(btod.o)(c_t.l)
    0x00003478   0x000000dc   Code   RO          449    CL$$btod_e2e        c_t.l(btod.o)(c_t.l)
    0x00003554   0x00000004   Ven    RO          446    CL$$btod_ediv       c_t.l(btod.o)(c_t.l)
    0x00003558   0x00000034   Code   RO          446    CL$$btod_ediv       c_t.l(btod.o)(c_t.l)
    0x0000358c   0x00000004   Ven    RO          448    CL$$btod_edivd      c_t.l(btod.o)(c_t.l)
    0x00003590   0x00000034   Code   RO          448    CL$$btod_edivd      c_t.l(btod.o)(c_t.l)
    0x000035c4   0x00000004   Ven    RO          445    CL$$btod_emul       c_t.l(btod.o)(c_t.l)
    0x000035c8   0x00000034   Code   RO          445    CL$$btod_emul       c_t.l(btod.o)(c_t.l)
    0x000035fc   0x00000004   Ven    RO          447    CL$$btod_emuld      c_t.l(btod.o)(c_t.l)
    0x00003600   0x00000034   Code   RO          447    CL$$btod_emuld      c_t.l(btod.o)(c_t.l)
    0x00003634   0x00000268   Code   RO          451    CL$$btod_mult_common  c_t.l(btod.o)(c_t.l)
    0x0000389c   0x00000008   Ven    RO          610    Veneer$$Code        anon$$obj.o
    0x000038a4   0x0000000c   Ven    RO          611    Veneer$$Code        anon$$obj.o
    0x000038b0   0x0000000c   Ven    RO          612    Veneer$$Code        anon$$obj.o
    0x000038bc   0x00000002   Code   RO          413    i.__ARM_common_call_via_r1  c_t.l(scanf_fp.o)(c_t.l)
    0x000038be   0x00000002   PAD
    0x000038c0   0x00000030   Code   RO          305    i.__ARM_fpclassify  m_ts.l(fpclassify.o)(m_ts.l)
    0x000038f0   0x00000100   Code   RO          307    i.__kernel_poly     m_ts.l(poly.o)(m_ts.l)
    0x000039f0   0x00000014   Code   RO          303    i.__mathlib_dbl_underflow  m_ts.l(dunder.o)(m_ts.l)
    0x00003a04   0x00000004   Ven    RO          502    i.__mathlib_narrow  m_ts.l(narrow.o)(m_ts.l)
    0x00003a08   0x0000001c   Code   RO          502    i.__mathlib_narrow  m_ts.l(narrow.o)(m_ts.l)
    0x00003a24   0x000000d8   Code   RO          503    i.__mathlib_tofloat  m_ts.l(narrow.o)(m_ts.l)
    0x00003afc   0x00000004   Ven    RO          548    i.__support_ldexp   m_ts.l(ldexp.o)(m_ts.l)
    0x00003b00   0x00000024   Code   RO          548    i.__support_ldexp   m_ts.l(ldexp.o)(m_ts.l)
    0x00003b24   0x00000048   Code   RO          226    i.atof              m_ts.l(atof.o)(m_ts.l)
    0x00003b6c   0x00000080   Code   RO          536    i.frexp             m_ts.l(frexp.o)(m_ts.l)
    0x00003bec   0x000000d4   Code   RO          549    i.ldexp             m_ts.l(ldexp.o)(m_ts.l)
    0x00003cc0   0x00000ef8   Code   RO          230    i.pow               m_ts.l(pow.o)(m_ts.l)
    0x00004bb8   0x0000006c   Code   RO          311    i.sqrt              m_ts.l(sqrt.o)(m_ts.l)
    0x00004c24   0x00000004   Ven    RO          264    locale$$code        c_t.l(lc_ctype_c.o)(c_t.l)
    0x00004c28   0x00000050   Code   RO          264    locale$$code        c_t.l(lc_ctype_c.o)(c_t.l)
    0x00004c78   0x00000004   Ven    RO          356    locale$$code        c_t.l(lc_numeric_c.o)(c_t.l)
    0x00004c7c   0x00000050   Code   RO          356    locale$$code        c_t.l(lc_numeric_c.o)(c_t.l)
    0x00004ccc   0x0000006c   Code   RO          531    x$fpl$d2f           fz_ts.l(d2f.o)(fz_ts.l)
    0x00004d38   0x00000150   Code   RO          266    x$fpl$dadd          fz_ts.l(daddsub_noclz.o)(fz_ts.l)
    0x00004e88   0x00000010   Code   RO          399    x$fpl$dcheck1       fz_ts.l(dcheck1.o)(fz_ts.l)
    0x00004e98   0x0000001c   Code   RO          272    x$fpl$dcmpinf       fz_ts.l(dcmpi.o)(fz_ts.l)
    0x00004eb4   0x000002e0   Code   RO          275    x$fpl$ddiv          fz_ts.l(ddiv.o)(fz_ts.l)
    0x00005194   0x00000094   Code   RO          533    x$fpl$deqf          fz_ts.l(deqf.o)(fz_ts.l)
    0x00005228   0x00000058   Code   RO          279    x$fpl$dflt          fz_ts.l(dflt_noclz.o)(fz_ts.l)
    0x00005280   0x00000094   Code   RO          205    x$fpl$dleqf         fz_ts.l(dleqf.o)(fz_ts.l)
    0x00005314   0x00000180   Code   RO          282    x$fpl$dmul          fz_ts.l(dmul.o)(fz_ts.l)
    0x00005494   0x000000c0   Code   RO          284    x$fpl$dnaninf       fz_ts.l(dnaninf.o)(fz_ts.l)
    0x00005554   0x00000010   Code   RO          286    x$fpl$dretinf       fz_ts.l(dretinf.o)(fz_ts.l)
    0x00005564   0x0000008c   Code   RO          288    x$fpl$drleqf        fz_ts.l(drleqf.o)(fz_ts.l)
    0x000055f0   0x00000018   Code   RO          267    x$fpl$drsb          fz_ts.l(daddsub_noclz.o)(fz_ts.l)
    0x00005608   0x00000208   Code   RO          401    x$fpl$dsqrt         fz_ts.l(dsqrt_noumaal.o)(fz_ts.l)
    0x00005810   0x00000244   Code   RO          268    x$fpl$dsub          fz_ts.l(daddsub_noclz.o)(fz_ts.l)
    0x00005a54   0x00000064   Code   RO          207    x$fpl$f2d           fz_ts.l(f2d.o)(fz_ts.l)
    0x00005ab8   0x000000c4   Code   RO          209    x$fpl$fadd          fz_ts.l(faddsub_noclz.o)(fz_ts.l)
    0x00005b7c   0x00000054   Code   RO          215    x$fpl$ffixu         fz_ts.l(ffixu.o)(fz_ts.l)
    0x00005bd0   0x0000005c   Code   RO          220    x$fpl$fflt          fz_ts.l(fflt_noclz.o)(fz_ts.l)
    0x00005c2c   0x00000008   Code   RO          219    x$fpl$ffltu         fz_ts.l(fflt_noclz.o)(fz_ts.l)
    0x00005c34   0x00000100   Code   RO          223    x$fpl$fmul          fz_ts.l(fmul.o)(fz_ts.l)
    0x00005d34   0x000000a8   Code   RO          290    x$fpl$fnaninf       fz_ts.l(fnaninf.o)(fz_ts.l)
    0x00005ddc   0x00000004   Ven    RO          490    x$fpl$fpinit        fz_ts.l(fpinit.o)(fz_ts.l)
    0x00005de0   0x00000018   Code   RO          490    x$fpl$fpinit        fz_ts.l(fpinit.o)(fz_ts.l)
    0x00005df8   0x00000010   Code   RO          292    x$fpl$fretinf       fz_ts.l(fretinf.o)(fz_ts.l)
    0x00005e08   0x00000014   Code   RO          210    x$fpl$frsb          fz_ts.l(faddsub_noclz.o)(fz_ts.l)
    0x00005e1c   0x00000130   Code   RO          211    x$fpl$fsub          fz_ts.l(faddsub_noclz.o)(fz_ts.l)
    0x00005f4c   0x00000004   Ven    RO          492    x$fpl$ieeestatus    fz_ts.l(istatus.o)(fz_ts.l)
    0x00005f50   0x00000008   Code   RO          492    x$fpl$ieeestatus    fz_ts.l(istatus.o)(fz_ts.l)
    0x00005f58   0x00000074   Code   RO          431    x$fpl$retnan        fz_ts.l(retnan.o)(fz_ts.l)
    0x00005fcc   0x0000006c   Code   RO          297    x$fpl$scalbn        fz_ts.l(scalbn.o)(fz_ts.l)
    0x00006038   0x00000004   Ven    RO          403    x$fpl$scanf1        fz_ts.l(scanf1.o)(fz_ts.l)
    0x0000603c   0x00000004   Code   RO          403    x$fpl$scanf1        fz_ts.l(scanf1.o)(fz_ts.l)
    0x00006040   0x00000004   Ven    RO          494    x$fpl$scanf2        fz_ts.l(scanf2.o)(fz_ts.l)
    0x00006044   0x00000008   Code   RO          494    x$fpl$scanf2        fz_ts.l(scanf2.o)(fz_ts.l)
    0x0000604c   0x0000003c   Code   RO          500    x$fpl$trapveneer    fz_ts.l(trapv.o)(fz_ts.l)
    0x00006088   0x00000000   Code   RO          302    x$fpl$usenofp       fz_ts.l(usenofp.o)(fz_ts.l)
    0x00006088   0x00000055   Data   RO          137    .constdata          mainproject.o
    0x000060dd   0x00000003   PAD
    0x000060e0   0x00000088   Data   RO          231    .constdata          m_ts.l(pow.o)(m_ts.l)
    0x00006168   0x00000008   Data   RO          309    .constdata          m_ts.l(qnan.o)(m_ts.l)
    0x00006170   0x00000094   Data   RO          440    .constdata          c_t.l(bigflt0.o)(c_t.l)
    0x00006204   0x00000020   Data   RO          573    Region$$Table       anon$$obj.o
    0x00006224   0x00000008   Data   RO          487    c$$dinf             fz_ts.l(fpconst.o)(fz_ts.l)
    0x0000622c   0x00000110   Data   RO          263    locale$$data        c_t.l(lc_ctype_c.o)(c_t.l)
    0x0000633c   0x0000001c   Data   RO          355    locale$$data        c_t.l(lc_numeric_c.o)(c_t.l)


    Execution Region RW_IRAM1 (Base: 0x40000000, Size: 0x00000568, Max: 0x00008000, ABSOLUTE)

    Base Addr    Size         Type   Attr      Idx    E Section Name        Object

    0x40000000   0x00000004   Data   RW           60    .data               uart_int.o
    0x40000004   0x00000028   Data   RW          138    .data               mainproject.o
    0x4000002c   0x00000029   Zero   RW           59    .bss                uart_int.o
    0x40000055   0x00000028   Zero   RW          136    .bss                mainproject.o
    0x4000007d   0x00000003   PAD
    0x40000080   0x00000060   Zero   RW          319    .bss                c_t.l(libspace.o)(c_t.l)
    0x400000e0   0x00000000   Zero   RW            2    HEAP                startup.o
    0x400000e0   0x00000488   Zero   RW            1    STACK               startup.o


==============================================================================

Image component sizes


      Code (inc. data)   RO Data    RW Data    ZI Data      Debug   Object Name

        92          8          0          0          0          0   delay.o
       364          8          0          0          0          0   i2c.o
       396          0          0          0          0          0   i2c_eeprom.o
       332          8          0          0          0          0   keypad.o
      1032          8          0          0          0          0   lcd.o
      4112        748         85         40         40          0   mainproject.o
        76          4          0          0          0          0   mainrtc.o
       304         60          0          0       1160          0   startup.o
      1100         36          0          4         41          0   uart_int.o

    ----------------------------------------------------------------------
      7840        888        120         44       1244          0   Object Totals
        32          8         32          0          0          0   (incl. Generated)
         0          0          3          0          3          0   (incl. Padding)

    ----------------------------------------------------------------------

      Code (inc. data)   RO Data    RW Data    ZI Data      Debug   Library Member Name

         8          0          0          0          0          0   __main.o
        60          8          0          0          0          0   __scatter.o
        40          0          0          0          0          0   __scatter_copy.o
        44          0          0          0          0          0   __scatter_zi.o
        34          0          0          0          0          0   _chval.o
        34          0          0          0          0          0   _rserrno.o
        70          0          0          0          0          0   _sgetc.o
       170          0          0          0          0          0   _strtoul.o
       424          0          0          0          0          0   aeabi_sdiv.o
        38          0          0          0          0          0   atoi.o
       216          6        148          0          0          0   bigflt0.o
      2004        132          0          0          0          0   btod.o
        20          0          0          0          0          0   exit.o
         6          0          0          0          0          0   heapauxi.o
        22          0          0          0          0          0   isspace.o
        84          8        272          0          0          0   lc_ctype_c.o
        84          8         28          0          0          0   lc_numeric_c.o
        14          0          0          0          0          0   libinit.o
        40          0          0          0          0          0   libinit2.o
        12          0          0          0          0          0   libshutdown.o
         6          0          0          0          0          0   libshutdown2.o
        12          4          0          0         96          0   libspace.o
        32          0          0          0          0          0   llmul.o
        44          0          0          0          0          0   llshl.o
        28          4          0          0          0          0   rt_ctype_table.o
        20          4          0          0          0          0   rt_errno_addr_intlibspace.o
        16          4          0          0          0          0   rt_fp_status_addr_intlibspace.o
        20          4          0          0          0          0   rt_locale_intlibspace.o
       100          0          0          0          0          0   rt_memcpy_w.o
         0          0          0          0          0          0   rtentry.o
        44          4          0          0          0          0   rtentry2.o
         8          0          0          0          0          0   rtentry4.o
         8          0          0          0          0          0   rtexit.o
        12          0          0          0          0          0   rtexit2.o
      1246         26          0          0          0          0   scanf_fp.o
       820         12          0          0          0          0   scanf_hexfp.o
       348         18          0          0          0          0   scanf_infnan.o
       160          4          0          0          0          0   strcmp.o
        76          4          0          0          0          0   strlen.o
       180         18          0          0          0          0   strtod.o
       116          4          0          0          0          0   strtol.o
        20          4          0          0          0          0   sys_exit.o
        96          0          0          0          0          0   sys_stackheap_outer.o
         4          0          0          0          0          0   use_no_semi.o
       108          4          0          0          0          0   d2f.o
       940         16          0          0          0          0   daddsub_noclz.o
        16          4          0          0          0          0   dcheck1.o
        28          0          0          0          0          0   dcmpi.o
       736        140          0          0          0          0   ddiv.o
       148          4          0          0          0          0   deqf.o
        88          0          0          0          0          0   dflt_noclz.o
       148          4          0          0          0          0   dleqf.o
       384         16          0          0          0          0   dmul.o
       192          0          0          0          0          0   dnaninf.o
        16          0          0          0          0          0   dretinf.o
       140          0          0          0          0          0   drleqf.o
       520         56          0          0          0          0   dsqrt_noumaal.o
       100          4          0          0          0          0   f2d.o
       520          8          0          0          0          0   faddsub_noclz.o
        84          4          0          0          0          0   ffixu.o
       100          0          0          0          0          0   fflt_noclz.o
       256          4          0          0          0          0   fmul.o
       168          0          0          0          0          0   fnaninf.o
         0          0          8          0          0          0   fpconst.o
        28          0          0          0          0          0   fpinit.o
        16          0          0          0          0          0   fretinf.o
        12          0          0          0          0          0   istatus.o
       116          0          0          0          0          0   retnan.o
       108          0          0          0          0          0   scalbn.o
         8          0          0          0          0          0   scanf1.o
        12          0          0          0          0          0   scanf2.o
        60          0          0          0          0          0   trapv.o
         0          0          0          0          0          0   usenofp.o
        72          0          0          0          0          0   atof.o
        20          0          0          0          0          0   dunder.o
        48          0          0          0          0          0   fpclassify.o
       128          0          0          0          0          0   frexp.o
       252          0          0          0          0          0   ldexp.o
       248          0          0          0          0          0   narrow.o
       256          0          0          0          0          0   poly.o
      3832        100        136          0          0          0   pow.o
         0          0          8          0          0          0   qnan.o
       108          0          0          0          0          0   sqrt.o

    ----------------------------------------------------------------------
     16872        640        600          0         96          0   Library Totals
        16          0          0          0          0          0   (incl. Padding)

    ----------------------------------------------------------------------

      Code (inc. data)   RO Data    RW Data    ZI Data      Debug   Library Name

      6840        276        448          0         96       3548   c_t.l
      5052        264          8          0          0       2896   fz_ts.l
      4964        100        144          0          0       1208   m_ts.l

    ----------------------------------------------------------------------
     16872        640        600          0         96          0   Library Totals

    ----------------------------------------------------------------------

==============================================================================


      Code (inc. data)   RO Data    RW Data    ZI Data      Debug   

     24712       1528        720         44       1340      22548   Grand Totals
     24712       1528        720         44       1340      22548   ELF Image Totals
     24712       1528        720         44          0          0   ROM Totals

==============================================================================

    Total RO  Size (Code + RO Data)                25432 (  24.84kB)
    Total RW  Size (RW Data + ZI Data)              1384 (   1.35kB)
    Total ROM Size (Code + RO Data + RW Data)      25476 (  24.88kB)

==============================================================================

