<html>
<body>
<pre>
<h1>µVision Build Log</h1>
<h2>Project:</h2>
E:\v23he3k4\mainprojectk4\mainproject.uvproj
Project File Date:  01/05/2024

<h2>Output:</h2>
Build target 'Target 1'
assembling Startup.s...
compiling delay.c...
compiling UART_INT.c...
compiling mainproject.c...
Lcd_macro.h(39): warning:  #1-D: last line of file ends without a newline
Lcd_macro.h:                    
Lcd_macro.h:                    ^
mainproject.c(115): warning:  #550-D: variable "p" was set but never used
mainproject.c:          u8 *p;
mainproject.c:              ^
mainproject.c(326): warning:  #223-D: function "InitUART0" declared implicitly
mainproject.c:          InitUART0();
mainproject.c:          ^
mainproject.c: mainproject.c: 3 warnings, 0 errors
compiling lcd.c...
Lcd_macro.h(39): warning:  #1-D: last line of file ends without a newline
Lcd_macro.h:                    
Lcd_macro.h:                    ^
Lcd_macro.h: lcd.c: 1 warning, 0 errors
compiling keypad.c...
compiling i2c_eeprom.c...
compiling i2c.c...
compiling mainrtc.c...
linking...
Program Size: Code=9620 RO-data=344 RW-data=28 ZI-data=1300  
FromELF: creating hex file...
"test.axf" - 0 Error(s), 4 Warning(s).
Build target 'Target 1'
assembling Startup.s...
compiling delay.c...
compiling UART_INT.c...
compiling mainproject.c...
Lcd_macro.h(39): warning:  #1-D: last line of file ends without a newline
Lcd_macro.h:                    
Lcd_macro.h:                    ^
mainproject.c(326): warning:  #223-D: function "InitUART0" declared implicitly
mainproject.c:          InitUART0();
mainproject.c:          ^
mainproject.c: mainproject.c: 2 warnings, 0 errors
compiling lcd.c...
Lcd_macro.h(39): warning:  #1-D: last line of file ends without a newline
Lcd_macro.h:                    
Lcd_macro.h:                    ^
Lcd_macro.h: lcd.c: 1 warning, 0 errors
compiling keypad.c...
compiling i2c_eeprom.c...
compiling i2c.c...
compiling mainrtc.c...
linking...
Program Size: Code=9624 RO-data=344 RW-data=28 ZI-data=1300  
FromELF: creating hex file...
"test.axf" - 0 Error(s), 3 Warning(s).
Build target 'Target 1'
assembling Startup.s...
compiling delay.c...
compiling UART_INT.c...
compiling mainproject.c...
Lcd_macro.h(39): warning:  #1-D: last line of file ends without a newline
Lcd_macro.h:                    
Lcd_macro.h:                    ^
Lcd_macro.h: mainproject.c: 1 warning, 0 errors
compiling lcd.c...
Lcd_macro.h(39): warning:  #1-D: last line of file ends without a newline
Lcd_macro.h:                    
Lcd_macro.h:                    ^
Lcd_macro.h: lcd.c: 1 warning, 0 errors
compiling keypad.c...
compiling i2c_eeprom.c...
compiling i2c.c...
compiling mainrtc.c...
linking...
Program Size: Code=9624 RO-data=344 RW-data=28 ZI-data=1300  
FromELF: creating hex file...
"test.axf" - 0 Error(s), 2 Warning(s).
Build target 'Target 1'
assembling Startup.s...
compiling delay.c...
compiling UART_INT.c...
compiling mainproject.c...
Lcd_macro.h(39): warning:  #1-D: last line of file ends without a newline
Lcd_macro.h:                    
Lcd_macro.h:                    ^
Lcd_macro.h: mainproject.c: 1 warning, 0 errors
compiling lcd.c...
Lcd_macro.h(39): warning:  #1-D: last line of file ends without a newline
Lcd_macro.h:                    
Lcd_macro.h:                    ^
Lcd_macro.h: lcd.c: 1 warning, 0 errors
compiling keypad.c...
compiling i2c_eeprom.c...
compiling i2c.c...
compiling mainrtc.c...
linking...
Program Size: Code=9624 RO-data=344 RW-data=28 ZI-data=1300  
FromELF: creating hex file...
"mainproject.axf" - 0 Error(s), 2 Warning(s).
Build target 'Target 1'
assembling Startup.s...
compiling delay.c...
compiling UART_INT.c...
compiling mainproject.c...
Lcd_macro.h(39): warning:  #1-D: last line of file ends without a newline
Lcd_macro.h:                    
Lcd_macro.h:                    ^
Lcd_macro.h: mainproject.c: 1 warning, 0 errors
compiling lcd.c...
Lcd_macro.h(39): warning:  #1-D: last line of file ends without a newline
Lcd_macro.h:                    
Lcd_macro.h:                    ^
Lcd_macro.h: lcd.c: 1 warning, 0 errors
compiling keypad.c...
compiling i2c_eeprom.c...
compiling i2c.c...
compiling mainrtc.c...
linking...
Program Size: Code=9632 RO-data=344 RW-data=28 ZI-data=1300  
FromELF: creating hex file...
"mainproject.axf" - 0 Error(s), 2 Warning(s).
Build target 'Target 1'
assembling Startup.s...
compiling delay.c...
compiling UART_INT.c...
compiling mainproject.c...
Lcd_macro.h(39): warning:  #1-D: last line of file ends without a newline
Lcd_macro.h:                    
Lcd_macro.h:                    ^
Lcd_macro.h: mainproject.c: 1 warning, 0 errors
compiling lcd.c...
Lcd_macro.h(39): warning:  #1-D: last line of file ends without a newline
Lcd_macro.h:                    
Lcd_macro.h:                    ^
Lcd_macro.h: lcd.c: 1 warning, 0 errors
compiling keypad.c...
compiling i2c_eeprom.c...
compiling i2c.c...
compiling mainrtc.c...
linking...
Program Size: Code=9632 RO-data=344 RW-data=28 ZI-data=1300  
FromELF: creating hex file...
"mainproject.axf" - 0 Error(s), 2 Warning(s).
Build target 'Target 1'
assembling Startup.s...
compiling delay.c...
compiling UART_INT.c...
compiling mainproject.c...
Lcd_macro.h(39): warning:  #1-D: last line of file ends without a newline
Lcd_macro.h:                    
Lcd_macro.h:                    ^
Lcd_macro.h: mainproject.c: 1 warning, 0 errors
compiling lcd.c...
Lcd_macro.h(39): warning:  #1-D: last line of file ends without a newline
Lcd_macro.h:                    
Lcd_macro.h:                    ^
Lcd_macro.h: lcd.c: 1 warning, 0 errors
compiling keypad.c...
compiling i2c_eeprom.c...
compiling i2c.c...
compiling mainrtc.c...
linking...
Program Size: Code=9632 RO-data=344 RW-data=28 ZI-data=1300  
FromELF: creating hex file...
"mainproject.axf" - 0 Error(s), 2 Warning(s).
Build target 'Target 1'
assembling Startup.s...
compiling delay.c...
compiling UART_INT.c...
compiling mainproject.c...
Lcd_macro.h(39): warning:  #1-D: last line of file ends without a newline
Lcd_macro.h:                    
Lcd_macro.h:                    ^
mainproject.c(182): warning:  #177-D: label "pass" was declared but never referenced
mainproject.c:          pass:
mainproject.c:          ^
mainproject.c: mainproject.c: 2 warnings, 0 errors
compiling lcd.c...
Lcd_macro.h(39): warning:  #1-D: last line of file ends without a newline
Lcd_macro.h:                    
Lcd_macro.h:                    ^
Lcd_macro.h: lcd.c: 1 warning, 0 errors
compiling keypad.c...
compiling i2c_eeprom.c...
compiling i2c.c...
compiling mainrtc.c...
linking...
Program Size: Code=9504 RO-data=344 RW-data=28 ZI-data=1300  
FromELF: creating hex file...
"mainproject.axf" - 0 Error(s), 3 Warning(s).
Build target 'Target 1'
assembling Startup.s...
compiling delay.c...
compiling UART_INT.c...
compiling mainproject.c...
Lcd_macro.h(39): warning:  #1-D: last line of file ends without a newline
Lcd_macro.h:                    
Lcd_macro.h:                    ^
mainproject.c(182): warning:  #177-D: label "pass" was declared but never referenced
mainproject.c:          pass:
mainproject.c:          ^
mainproject.c: mainproject.c: 2 warnings, 0 errors
compiling lcd.c...
Lcd_macro.h(39): warning:  #1-D: last line of file ends without a newline
Lcd_macro.h:                    
Lcd_macro.h:                    ^
Lcd_macro.h: lcd.c: 1 warning, 0 errors
compiling keypad.c...
compiling i2c_eeprom.c...
compiling i2c.c...
compiling mainrtc.c...
linking...
Program Size: Code=9504 RO-data=344 RW-data=28 ZI-data=1300  
FromELF: creating hex file...
"mainproject.axf" - 0 Error(s), 3 Warning(s).
Build target 'Target 1'
assembling Startup.s...
compiling delay.c...
compiling UART_INT.c...
compiling mainproject.c...
Lcd_macro.h(39): warning:  #1-D: last line of file ends without a newline
Lcd_macro.h:                    
Lcd_macro.h:                    ^
mainproject.c(182): warning:  #177-D: label "pass" was declared but never referenced
mainproject.c:          pass:
mainproject.c:          ^
mainproject.c: mainproject.c: 2 warnings, 0 errors
compiling lcd.c...
Lcd_macro.h(39): warning:  #1-D: last line of file ends without a newline
Lcd_macro.h:                    
Lcd_macro.h:                    ^
Lcd_macro.h: lcd.c: 1 warning, 0 errors
compiling keypad.c...
compiling i2c_eeprom.c...
compiling i2c.c...
compiling mainrtc.c...
linking...
Program Size: Code=9512 RO-data=344 RW-data=28 ZI-data=1300  
FromELF: creating hex file...
"mainproject.axf" - 0 Error(s), 3 Warning(s).
Build target 'Target 1'
assembling Startup.s...
compiling delay.c...
compiling i2c_eeprom.c...
compiling i2c.c...
linking...
mainproject.axf: Error: L6218E: Undefined symbol main (referred from rtentry2.o).
mainproject.axf: Not enough information to list image symbols.
mainproject.axf: Finished: 1 information, 0 warning and 1 error messages.
Target not created
Build target 'Target 1'
assembling Startup.s...
compiling delay.c...
compiling i2c_eeprom.c...
compiling i2c.c...
linking...
mainproject.axf: Error: L6218E: Undefined symbol main (referred from rtentry2.o).
mainproject.axf: Not enough information to list image symbols.
mainproject.axf: Finished: 1 information, 0 warning and 1 error messages.
Target not created
Build target 'Target 1'
assembling Startup.s...
compiling delay.c...
compiling i2c_eeprom.c...
compiling i2c.c...
linking...
mainproject.axf: Error: L6218E: Undefined symbol main (referred from rtentry2.o).
mainproject.axf: Not enough information to list image symbols.
mainproject.axf: Finished: 1 information, 0 warning and 1 error messages.
Target not created
Build target 'Target 1'
assembling Startup.s...
compiling delay.c...
compiling i2c_eeprom.c...
compiling i2c.c...
linking...
mainproject.axf: Error: L6218E: Undefined symbol main (referred from rtentry2.o).
mainproject.axf: Not enough information to list image symbols.
mainproject.axf: Finished: 1 information, 0 warning and 1 error messages.
Target not created
Build target 'Target 1'
assembling Startup.s...
compiling delay.c...
compiling i2c_eeprom.c...
compiling i2c.c...
compiling eepromtest.c...
eepromtest.c(5): error:  #5: cannot open source input file "12c.h": No such file or directory
eepromtest.c:   #include"12c.h"
eepromtest.c:                  ^
eepromtest.c: eepromtest.c: 0 warnings, 1 error
Target not created
Build target 'Target 1'
assembling Startup.s...
compiling delay.c...
compiling i2c_eeprom.c...
compiling i2c.c...
compiling eepromtest.c...
eepromtest.c(15): warning:  #167-D: argument of type "u8 *" is incompatible with parameter of type "const char *"
eepromtest.c:           if(strcmp(ptr,"1234")==0)
eepromtest.c:                     ^
eepromtest.c: eepromtest.c: 1 warning, 0 errors
linking...
Program Size: Code=1896 RO-data=16 RW-data=0 ZI-data=1256  
FromELF: creating hex file...
"mainproject.axf" - 0 Error(s), 1 Warning(s).
Build target 'Target 1'
assembling Startup.s...
compiling delay.c...
compiling i2c_eeprom.c...
compiling i2c.c...
compiling eepromtest.c...
eepromtest.c(15): warning:  #167-D: argument of type "u8 *" is incompatible with parameter of type "const char *"
eepromtest.c:           if(strcmp(ptr,"1234")==0)
eepromtest.c:                     ^
eepromtest.c: eepromtest.c: 1 warning, 0 errors
linking...
Program Size: Code=1896 RO-data=16 RW-data=0 ZI-data=1256  
FromELF: creating hex file...
"eepromtest.axf" - 0 Error(s), 1 Warning(s).
